Component: Arm Compiler for Embedded 6.19 Tool: armlink [5e73cb00]

==============================================================================

Section Cross References

    startup_stm32h750xx.o(STACK) refers (Special) to heapauxi.o(.text) for __use_two_region_memory
    startup_stm32h750xx.o(HEAP) refers (Special) to heapauxi.o(.text) for __use_two_region_memory
    startup_stm32h750xx.o(RESET) refers (Special) to heapauxi.o(.text) for __use_two_region_memory
    startup_stm32h750xx.o(RESET) refers to startup_stm32h750xx.o(STACK) for __initial_sp
    startup_stm32h750xx.o(RESET) refers to startup_stm32h750xx.o(.text) for Reset_Handler
    startup_stm32h750xx.o(RESET) refers to stm32h7xx_it.o(.text) for NMI_Handler
    startup_stm32h750xx.o(.text) refers (Special) to heapauxi.o(.text) for __use_two_region_memory
    startup_stm32h750xx.o(.text) refers to system_stm32h7xx.o(.text) for SystemInit
    startup_stm32h750xx.o(.text) refers to __main.o(!!!main) for __main
    startup_stm32h750xx.o(.text) refers to startup_stm32h750xx.o(HEAP) for Heap_Mem
    startup_stm32h750xx.o(.text) refers to startup_stm32h750xx.o(STACK) for Stack_Mem
    w25q256jv.o(.text) refers to w25q256jv.o(.bss.w25q256_mode) for w25q256_mode
    w25q256jv.o(.text) refers to quadspi.o(.bss.hqspi) for hqspi
    w25q256jv.o(.text) refers to stm32h7xx_hal_qspi.o(.text) for HAL_QSPI_Command
    w25q256jv.o(.text) refers to stm32h7xx_hal.o(.text) for HAL_Delay
    w25q256jv.o(.text) refers to w25q256jv.o(.bss.w25qxx_buf) for w25qxx_buf
    w25q256jv.o(.ARM.exidx) refers to w25q256jv.o(.text) for [Anonymous Symbol]
    w9825g6kh.o(.text) refers to w9825g6kh.o(.bss.Command) for Command
    w9825g6kh.o(.text) refers to stm32h7xx_hal_sdram.o(.text) for HAL_SDRAM_SendCommand
    w9825g6kh.o(.text) refers to stm32h7xx_hal.o(.text) for HAL_Delay
    w9825g6kh.o(.text) refers to puts.o(.text) for puts
    w9825g6kh.o(.text) refers to w9825g6kh.o(.rodata.str1.1) for .Lstr.7
    w9825g6kh.o(.ARM.exidx) refers to w9825g6kh.o(.text) for [Anonymous Symbol]
    dwt.o(.text) refers to system_stm32h7xx.o(.data..L_MergedGlobals) for SystemCoreClock
    dwt.o(.ARM.exidx) refers to dwt.o(.text) for [Anonymous Symbol]
    main.o(.text) refers (Special) to use_no_semi_2.o(.text) for __use_no_semihosting
    main.o(.text) refers to stm32h7xx_hal.o(.text) for HAL_Init
    main.o(.text) refers to stm32h7xx_hal_cortex.o(.text) for HAL_MPU_Disable
    main.o(.text) refers to gpio.o(.text) for MX_GPIO_Init
    main.o(.text) refers to quadspi.o(.text) for MX_QUADSPI_Init
    main.o(.text) refers to usart.o(.text) for MX_USART1_UART_Init
    main.o(.text) refers to fmc.o(.text) for MX_FMC_Init
    main.o(.text) refers to w25q256jv.o(.text) for W25QXX_Init
    main.o(.text) refers to driver_at24cxx_basic.o(.text) for at24cxx_basic_init
    main.o(.text) refers to fmc.o(.bss.hsdram2) for hsdram2
    main.o(.text) refers to w9825g6kh.o(.text) for w9825g6kh_init_sequence
    main.o(.text) refers to main.o(.rodata.str1.1) for .Lstr.14
    main.o(.text) refers to puts.o(.text) for puts
    main.o(.text) refers to rt_memclr_w.o(.text) for __aeabi_memclr4
    main.o(.text) refers to stm32h7xx_hal_pwr_ex.o(.text) for HAL_PWREx_ConfigSupply
    main.o(.text) refers to stm32h7xx_hal_rcc.o(.text) for HAL_RCC_OscConfig
    main.o(.text) refers to usart.o(.bss.huart1) for huart1
    main.o(.text) refers to stm32h7xx_hal_uart.o(.text) for HAL_UART_Transmit
    main.o(.ARM.exidx) refers (Special) to use_no_semi_2.o(.text) for __use_no_semihosting
    main.o(.ARM.exidx) refers to main.o(.text) for [Anonymous Symbol]
    main.o(.bss.__stdout) refers (Special) to use_no_semi_2.o(.text) for __use_no_semihosting
    main.o(.rodata.str1.1) refers (Special) to use_no_semi_2.o(.text) for __use_no_semihosting
    main.o(.ARM.use_no_argv) refers (Special) to use_no_semi_2.o(.text) for __use_no_semihosting
    gpio.o(.ARM.exidx) refers to gpio.o(.text) for [Anonymous Symbol]
    fmc.o(.text) refers to fmc.o(.bss.hsdram2) for hsdram2
    fmc.o(.text) refers to stm32h7xx_hal_sdram.o(.text) for HAL_SDRAM_Init
    fmc.o(.text) refers to main.o(.text) for Error_Handler
    fmc.o(.text) refers to fmc.o(.bss.FMC_Initialized) for FMC_Initialized
    fmc.o(.text) refers to rt_memclr_w.o(.text) for __aeabi_memclr8
    fmc.o(.text) refers to stm32h7xx_hal_rcc_ex.o(.text) for HAL_RCCEx_PeriphCLKConfig
    fmc.o(.text) refers to stm32h7xx_hal_gpio.o(.text) for HAL_GPIO_Init
    fmc.o(.text) refers to fmc.o(.bss.FMC_DeInitialized) for FMC_DeInitialized
    fmc.o(.ARM.exidx) refers to fmc.o(.text) for [Anonymous Symbol]
    i2c.o(.text) refers to i2c.o(.bss.hi2c1) for hi2c1
    i2c.o(.text) refers to stm32h7xx_hal_i2c.o(.text) for HAL_I2C_Init
    i2c.o(.text) refers to main.o(.text) for Error_Handler
    i2c.o(.text) refers to stm32h7xx_hal_i2c_ex.o(.text) for HAL_I2CEx_ConfigAnalogFilter
    i2c.o(.text) refers to rt_memclr_w.o(.text) for __aeabi_memclr8
[...]
    UART4_IRQHandler                         0x080003ff   Thumb Code     0  startup_stm32h750xx.o(.text)
    UART5_IRQHandler                         0x080003ff   Thumb Code     0  startup_stm32h750xx.o(.text)
    UART7_IRQHandler                         0x080003ff   Thumb Code     0  startup_stm32h750xx.o(.text)
    UART8_IRQHandler                         0x080003ff   Thumb Code     0  startup_stm32h750xx.o(.text)
    USART1_IRQHandler                        0x080003ff   Thumb Code     0  startup_stm32h750xx.o(.text)
    USART2_IRQHandler                        0x080003ff   Thumb Code     0  startup_stm32h750xx.o(.text)
    USART3_IRQHandler                        0x080003ff   Thumb Code     0  startup_stm32h750xx.o(.text)
    USART6_IRQHandler                        0x080003ff   Thumb Code     0  startup_stm32h750xx.o(.text)
    WAKEUP_PIN_IRQHandler                    0x080003ff   Thumb Code     0  startup_stm32h750xx.o(.text)
    WWDG_IRQHandler                          0x080003ff   Thumb Code     0  startup_stm32h750xx.o(.text)
    __user_initial_stackheap                 0x08000401   Thumb Code     0  startup_stm32h750xx.o(.text)
    W25QXX_ReadSR                            0x08000429   Thumb Code   148  w25q256jv.o(.text)
    W25QXX_WriteSR                           0x080004c1   Thumb Code   140  w25q256jv.o(.text)
    W25QXX_Enter4ByteAddrMode                0x08000551   Thumb Code   186  w25q256jv.o(.text)
    W25QXX_Init                              0x08000611   Thumb Code   598  w25q256jv.o(.text)
    W25QXX_Erase_Chip                        0x08000869   Thumb Code   354  w25q256jv.o(.text)
    W25QXX_Erase_Sector                      0x080009d1   Thumb Code   258  w25q256jv.o(.text)
    W25QXX_Erase_64KB_Block                  0x08000ad9   Thumb Code   258  w25q256jv.o(.text)
    W25QXX_ProgramPage                       0x08000be1   Thumb Code   290  w25q256jv.o(.text)
    W25QXX_FastRead                          0x08000d09   Thumb Code   134  w25q256jv.o(.text)
    W25QXX_Write                             0x08000d91   Thumb Code  1142  w25q256jv.o(.text)
    W25QXX_Write_NoCheck                     0x08001209   Thumb Code    78  w25q256jv.o(.text)
    W25QXX_MemoryMapped                      0x08001259   Thumb Code    90  w25q256jv.o(.text)
    W25QXX_Global_Unlock                     0x080012b9   Thumb Code    84  w25q256jv.o(.text)
    w9825g6kh_init_sequence                  0x08001311   Thumb Code   158  w9825g6kh.o(.text)
    w9825g6kh_enable_clock                   0x080013b1   Thumb Code    36  w9825g6kh.o(.text)
    w9825g6kh_precharge_all                  0x080013d9   Thumb Code    38  w9825g6kh.o(.text)
    w9825g6kh_config_refresh_mode            0x08001401   Thumb Code    36  w9825g6kh.o(.text)
    w9825g6kh_config_load_mode_reg           0x08001429   Thumb Code    40  w9825g6kh.o(.text)
    w9825g6kh_enter_power_mode               0x08001451   Thumb Code    38  w9825g6kh.o(.text)
    w9825g6kh_exit_power_mode                0x08001479   Thumb Code    36  w9825g6kh.o(.text)
    w9825g6kh_wr_test                        0x080014a1   Thumb Code   928  w9825g6kh.o(.text)
    main                                     0x080018d1   Thumb Code   732  main.o(.text)
    SystemClock_Config                       0x08001c31   Thumb Code   316  main.o(.text)
    Error_Handler                            0x08001d71   Thumb Code    10  main.o(.text)
    _sys_exit                                0x08001d81   Thumb Code     2  main.o(.text)
    _ttywrch                                 0x08001d89   Thumb Code     2  main.o(.text)
    fputc                                    0x08001d91   Thumb Code    32  main.o(.text)
    MX_GPIO_Init                             0x08001db1   Thumb Code   176  gpio.o(.text)
    MX_FMC_Init                              0x08001e61   Thumb Code   102  fmc.o(.text)
    HAL_SDRAM_MspInit                        0x08001ec9   Thumb Code   278  fmc.o(.text)
    HAL_SDRAM_MspDeInit                      0x08001fe1   Thumb Code   130  fmc.o(.text)
    MX_I2C1_Init                             0x08002069   Thumb Code   100  i2c.o(.text)
    HAL_I2C_MspInit                          0x080020d1   Thumb Code   136  i2c.o(.text)
    HAL_I2C_MspDeInit                        0x08002159   Thumb Code    66  i2c.o(.text)
    MX_QUADSPI_Init                          0x080021a1   Thumb Code    68  quadspi.o(.text)
    HAL_QSPI_MspInit                         0x080021e9   Thumb Code   270  quadspi.o(.text)
    HAL_QSPI_MspDeInit                       0x080022f9   Thumb Code    76  quadspi.o(.text)
    MX_USART1_UART_Init                      0x08002349   Thumb Code   124  usart.o(.text)
    HAL_UART_MspInit                         0x080023c9   Thumb Code   134  usart.o(.text)
    HAL_UART_MspDeInit                       0x08002451   Thumb Code    46  usart.o(.text)
    NMI_Handler                              0x08002481   Thumb Code     2  stm32h7xx_it.o(.text)
    HardFault_Handler                        0x08002489   Thumb Code     2  stm32h7xx_it.o(.text)
    MemManage_Handler                        0x08002491   Thumb Code     2  stm32h7xx_it.o(.text)
    BusFault_Handler                         0x08002499   Thumb Code     2  stm32h7xx_it.o(.text)
    UsageFault_Handler                       0x080024a1   Thumb Code     2  stm32h7xx_it.o(.text)
    SVC_Handler                              0x080024a9   Thumb Code     2  stm32h7xx_it.o(.text)
    DebugMon_Handler                         0x080024b1   Thumb Code     2  stm32h7xx_it.o(.text)
    PendSV_Handler                           0x080024b9   Thumb Code     2  stm32h7xx_it.o(.text)
    SysTick_Handler                          0x080024c1   Thumb Code     4  stm32h7xx_it.o(.text)
    HAL_MspInit                              0x080024c9   Thumb Code    32  stm32h7xx_hal_msp.o(.text)
    HAL_NVIC_SetPriorityGrouping             0x080024e9   Thumb Code    32  stm32h7xx_hal_cortex.o(.text)
    HAL_NVIC_SetPriority                     0x08002509   Thumb Code    90  stm32h7xx_hal_cortex.o(.text)
    HAL_NVIC_EnableIRQ                       0x08002569   Thumb Code    34  stm32h7xx_hal_cortex.o(.text)
    HAL_NVIC_DisableIRQ                      0x08002591   Thumb Code    42  stm32h7xx_hal_cortex.o(.text)
    HAL_NVIC_SystemReset                     0x080025c1   Thumb Code     4  stm32h7xx_hal_cortex.o(.text)
    HAL_SYSTICK_Config                       0x080025f9   Thumb Code    46  stm32h7xx_hal_cortex.o(.text)
    HAL_MPU_Disable                          0x08002629   Thumb Code    26  stm32h7xx_hal_cortex.o(.text)
    HAL_MPU_Enable                           0x08002649   Thumb Code    32  stm32h7xx_hal_cortex.o(.text)
    HAL_MPU_ConfigRegion                     0x08002669   Thumb Code    96  stm32h7xx_hal_cortex.o(.text)
    HAL_NVIC_GetPriorityGrouping             0x080026c9   Thumb Code    16  stm32h7xx_hal_cortex.o(.text)
    HAL_NVIC_GetPriority                     0x080026d9   Thumb Code    88  stm32h7xx_hal_cortex.o(.text)
    HAL_NVIC_SetPendingIRQ                   0x08002731   Thumb Code    34  stm32h7xx_hal_cortex.o(.text)
    HAL_NVIC_GetPendingIRQ                   0x08002759   Thumb Code    40  stm32h7xx_hal_cortex.o(.text)
    HAL_NVIC_ClearPendingIRQ                 0x08002781   Thumb Code    34  stm32h7xx_hal_cortex.o(.text)
    HAL_NVIC_GetActive                       0x080027a9   Thumb Code    40  stm32h7xx_hal_cortex.o(.text)
    HAL_SYSTICK_CLKSourceConfig              0x080027d1   Thumb Code    24  stm32h7xx_hal_cortex.o(.text)
    HAL_SYSTICK_IRQHandler                   0x080027e9   Thumb Code     4  stm32h7xx_hal_cortex.o(.text)
    HAL_SYSTICK_Callback                     0x080027f1   Thumb Code     2  stm32h7xx_hal_cortex.o(.text)
    HAL_GetCurrentCPUID                      0x080027f9   Thumb Code     4  stm32h7xx_hal_cortex.o(.text)
    FMC_NORSRAM_Init                         0x08002801   Thumb Code   142  stm32h7xx_ll_fmc.o(.text)
    FMC_NORSRAM_DeInit                       0x08002891   Thumb Code    48  stm32h7xx_ll_fmc.o(.text)
    FMC_NORSRAM_Timing_Init                  0x080028c1   Thumb Code    96  stm32h7xx_ll_fmc.o(.text)
    FMC_NORSRAM_Extended_Timing_Init         0x08002921   Thumb Code    72  stm32h7xx_ll_fmc.o(.text)
    FMC_NORSRAM_WriteOperation_Enable        0x08002969   Thumb Code    18  stm32h7xx_ll_fmc.o(.text)
    FMC_NORSRAM_WriteOperation_Disable       0x08002981   Thumb Code    18  stm32h7xx_ll_fmc.o(.text)
    FMC_NAND_Init                            0x08002999   Thumb Code    62  stm32h7xx_ll_fmc.o(.text)
    FMC_NAND_CommonSpace_Timing_Init         0x080029d9   Thumb Code    30  stm32h7xx_ll_fmc.o(.text)
    FMC_NAND_AttributeSpace_Timing_Init      0x080029f9   Thumb Code    30  stm32h7xx_ll_fmc.o(.text)
    FMC_NAND_DeInit                          0x08002a19   Thumb Code    30  stm32h7xx_ll_fmc.o(.text)
    FMC_NAND_ECC_Enable                      0x08002a39   Thumb Code    14  stm32h7xx_ll_fmc.o(.text)
    FMC_NAND_ECC_Disable                     0x08002a49   Thumb Code    14  stm32h7xx_ll_fmc.o(.text)
    FMC_NAND_GetECC                          0x08002a59   Thumb Code    94  stm32h7xx_ll_fmc.o(.text)
    FMC_SDRAM_Init                           0x08002ab9   Thumb Code   146  stm32h7xx_ll_fmc.o(.text)
    FMC_SDRAM_Timing_Init                    0x08002b51   Thumb Code   218  stm32h7xx_ll_fmc.o(.text)
    FMC_SDRAM_DeInit                         0x08002c31   Thumb Code    32  stm32h7xx_ll_fmc.o(.text)
    FMC_SDRAM_WriteProtection_Enable         0x08002c51   Thumb Code    18  stm32h7xx_ll_fmc.o(.text)
    FMC_SDRAM_WriteProtection_Disable        0x08002c69   Thumb Code    18  stm32h7xx_ll_fmc.o(.text)
    FMC_SDRAM_SendCommand                    0x08002c81   Thumb Code    46  stm32h7xx_ll_fmc.o(.text)
    FMC_SDRAM_ProgramRefreshRate             0x08002cb1   Thumb Code    22  stm32h7xx_ll_fmc.o(.text)
    FMC_SDRAM_SetAutoRefreshNumber           0x08002cc9   Thumb Code    24  stm32h7xx_ll_fmc.o(.text)
    FMC_SDRAM_GetModeStatus                  0x08002ce1   Thumb Code    14  stm32h7xx_ll_fmc.o(.text)
    HAL_RCC_DeInit                           0x08002cf1   Thumb Code   452  stm32h7xx_hal_rcc.o(.text)
    HAL_RCC_OscConfig                        0x08002eb9   Thumb Code  1376  stm32h7xx_hal_rcc.o(.text)
    HAL_RCC_ClockConfig                      0x08003419   Thumb Code   616  stm32h7xx_hal_rcc.o(.text)
    HAL_RCC_GetSysClockFreq                  0x08003681   Thumb Code   280  stm32h7xx_hal_rcc.o(.text)
    HAL_RCC_MCOConfig                        0x08003799   Thumb Code   164  stm32h7xx_hal_rcc.o(.text)
    HAL_RCC_EnableCSS                        0x08003841   Thumb Code    18  stm32h7xx_hal_rcc.o(.text)
    HAL_RCC_DisableCSS                       0x08003859   Thumb Code    18  stm32h7xx_hal_rcc.o(.text)
    HAL_RCC_GetHCLKFreq                      0x08003871   Thumb Code    76  stm32h7xx_hal_rcc.o(.text)
    HAL_RCC_GetPCLK1Freq                     0x080038c1   Thumb Code    96  stm32h7xx_hal_rcc.o(.text)
    HAL_RCC_GetPCLK2Freq                     0x08003921   Thumb Code    96  stm32h7xx_hal_rcc.o(.text)
    HAL_RCC_GetOscConfig                     0x08003981   Thumb Code   282  stm32h7xx_hal_rcc.o(.text)
    HAL_RCC_GetClockConfig                   0x08003aa1   Thumb Code    88  stm32h7xx_hal_rcc.o(.text)
    HAL_RCC_NMI_IRQHandler                   0x08003af9   Thumb Code    30  stm32h7xx_hal_rcc.o(.text)
    HAL_RCC_CSSCallback                      0x08003b19   Thumb Code     2  stm32h7xx_hal_rcc.o(.text)
    HAL_RCCEx_PeriphCLKConfig                0x08003b21   Thumb Code  2876  stm32h7xx_hal_rcc_ex.o(.text)
    HAL_RCCEx_GetPeriphCLKConfig             0x080048b1   Thumb Code   450  stm32h7xx_hal_rcc_ex.o(.text)
    HAL_RCCEx_GetPeriphCLKFreq               0x08004a79   Thumb Code  1106  stm32h7xx_hal_rcc_ex.o(.text)
    HAL_RCCEx_GetPLL1ClockFreq               0x08004ed1   Thumb Code   308  stm32h7xx_hal_rcc_ex.o(.text)
    HAL_RCCEx_GetPLL2ClockFreq               0x08005009   Thumb Code   300  stm32h7xx_hal_rcc_ex.o(.text)
    HAL_RCCEx_GetPLL3ClockFreq               0x08005139   Thumb Code   300  stm32h7xx_hal_rcc_ex.o(.text)
    HAL_RCCEx_GetD3PCLK1Freq                 0x08005269   Thumb Code    38  stm32h7xx_hal_rcc_ex.o(.text)
    HAL_RCCEx_GetD1PCLK1Freq                 0x08005291   Thumb Code    38  stm32h7xx_hal_rcc_ex.o(.text)
    HAL_RCCEx_GetD1SysClockFreq              0x080052b9   Thumb Code    74  stm32h7xx_hal_rcc_ex.o(.text)
    HAL_RCCEx_EnableLSECSS                   0x08005309   Thumb Code    18  stm32h7xx_hal_rcc_ex.o(.text)
    HAL_RCCEx_DisableLSECSS                  0x08005321   Thumb Code    26  stm32h7xx_hal_rcc_ex.o(.text)
    HAL_RCCEx_EnableLSECSS_IT                0x08005341   Thumb Code    52  stm32h7xx_hal_rcc_ex.o(.text)
    HAL_RCCEx_WakeUpStopCLKConfig            0x08005379   Thumb Code    20  stm32h7xx_hal_rcc_ex.o(.text)
    HAL_RCCEx_KerWakeUpStopCLKConfig         0x08005391   Thumb Code    20  stm32h7xx_hal_rcc_ex.o(.text)
    HAL_RCCEx_WWDGxSysResetConfig            0x080053a9   Thumb Code    16  stm32h7xx_hal_rcc_ex.o(.text)
    HAL_RCCEx_CRSConfig                      0x080053b9   Thumb Code   106  stm32h7xx_hal_rcc_ex.o(.text)
    HAL_RCCEx_CRSSoftwareSynchronizationGenerate 0x08005429   Thumb Code    18  stm32h7xx_hal_rcc_ex.o(.text)
    HAL_RCCEx_CRSGetSynchronizationInfo      0x08005441   Thumb Code    42  stm32h7xx_hal_rcc_ex.o(.text)
    HAL_RCCEx_CRSWaitSynchronization         0x08005471   Thumb Code   294  stm32h7xx_hal_rcc_ex.o(.text)
    HAL_RCCEx_CRS_IRQHandler                 0x08005599   Thumb Code   102  stm32h7xx_hal_rcc_ex.o(.text)
    HAL_RCCEx_CRS_SyncOkCallback             0x08005601   Thumb Code     2  stm32h7xx_hal_rcc_ex.o(.text)
    HAL_RCCEx_CRS_SyncWarnCallback           0x08005609   Thumb Code     2  stm32h7xx_hal_rcc_ex.o(.text)
    HAL_RCCEx_CRS_ExpectedSyncCallback       0x08005611   Thumb Code     2  stm32h7xx_hal_rcc_ex.o(.text)
    HAL_RCCEx_CRS_ErrorCallback              0x08005619   Thumb Code     2  stm32h7xx_hal_rcc_ex.o(.text)
    HAL_RCCEx_LSECSS_IRQHandler              0x08005621   Thumb Code    26  stm32h7xx_hal_rcc_ex.o(.text)
    HAL_RCCEx_LSECSS_Callback                0x08005641   Thumb Code     2  stm32h7xx_hal_rcc_ex.o(.text)
    HAL_GPIO_Init                            0x08005649   Thumb Code   426  stm32h7xx_hal_gpio.o(.text)
    HAL_GPIO_DeInit                          0x080057f9   Thumb Code   266  stm32h7xx_hal_gpio.o(.text)
    HAL_GPIO_ReadPin                         0x08005909   Thumb Code    10  stm32h7xx_hal_gpio.o(.text)
    HAL_GPIO_WritePin                        0x08005919   Thumb Code    10  stm32h7xx_hal_gpio.o(.text)
    HAL_GPIO_TogglePin                       0x08005929   Thumb Code    16  stm32h7xx_hal_gpio.o(.text)
    HAL_GPIO_LockPin                         0x08005939   Thumb Code    40  stm32h7xx_hal_gpio.o(.text)
    HAL_GPIO_EXTI_IRQHandler                 0x08005961   Thumb Code    20  stm32h7xx_hal_gpio.o(.text)
    HAL_GPIO_EXTI_Callback                   0x08005979   Thumb Code     2  stm32h7xx_hal_gpio.o(.text)
    HAL_DMA_Init                             0x08005981   Thumb Code  1638  stm32h7xx_hal_dma.o(.text)
    HAL_DMA_DeInit                           0x08006111   Thumb Code   912  stm32h7xx_hal_dma.o(.text)
    HAL_DMA_Start                            0x080064a1   Thumb Code   318  stm32h7xx_hal_dma.o(.text)
    HAL_DMA_Start_IT                         0x080068f9   Thumb Code   930  stm32h7xx_hal_dma.o(.text)
    HAL_DMA_Abort                            0x08006ca1   Thumb Code  1326  stm32h7xx_hal_dma.o(.text)
    HAL_DMA_Abort_IT                         0x080071d1   Thumb Code   698  stm32h7xx_hal_dma.o(.text)
    HAL_DMA_PollForTransfer                  0x08007491   Thumb Code  1714  stm32h7xx_hal_dma.o(.text)
    HAL_DMA_IRQHandler                       0x08007b49   Thumb Code  2096  stm32h7xx_hal_dma.o(.text)
    HAL_DMA_RegisterCallback                 0x08008379   Thumb Code   114  stm32h7xx_hal_dma.o(.text)
    HAL_DMA_UnRegisterCallback               0x080083f1   Thumb Code   164  stm32h7xx_hal_dma.o(.text)
    HAL_DMA_GetState                         0x08008499   Thumb Code     6  stm32h7xx_hal_dma.o(.text)
    HAL_DMA_GetError                         0x080084a1   Thumb Code     4  stm32h7xx_hal_dma.o(.text)
    HAL_MDMA_Init                            0x080084a9   Thumb Code   240  stm32h7xx_hal_mdma.o(.text)
    HAL_MDMA_DeInit                          0x08008599   Thumb Code    64  stm32h7xx_hal_mdma.o(.text)
    HAL_MDMA_ConfigPostRequestMask           0x080085d9   Thumb Code    96  stm32h7xx_hal_mdma.o(.text)
    HAL_MDMA_RegisterCallback                0x08008639   Thumb Code   114  stm32h7xx_hal_mdma.o(.text)
    HAL_MDMA_UnRegisterCallback              0x080086b1   Thumb Code   164  stm32h7xx_hal_mdma.o(.text)
    HAL_MDMA_LinkedList_CreateNode           0x08008759   Thumb Code   252  stm32h7xx_hal_mdma.o(.text)
    HAL_MDMA_LinkedList_AddNode              0x08008859   Thumb Code   398  stm32h7xx_hal_mdma.o(.text)
    HAL_MDMA_LinkedList_RemoveNode           0x080089e9   Thumb Code   290  stm32h7xx_hal_mdma.o(.text)
    HAL_MDMA_LinkedList_EnableCircularMode   0x08008b11   Thumb Code    84  stm32h7xx_hal_mdma.o(.text)
    HAL_MDMA_LinkedList_DisableCircularMode  0x08008b69   Thumb Code    84  stm32h7xx_hal_mdma.o(.text)
    HAL_MDMA_Start                           0x08008bc1   Thumb Code   230  stm32h7xx_hal_mdma.o(.text)
    HAL_MDMA_Start_IT                        0x08008ca9   Thumb Code   300  stm32h7xx_hal_mdma.o(.text)
    HAL_MDMA_Abort                           0x08008dd9   Thumb Code   118  stm32h7xx_hal_mdma.o(.text)
    HAL_MDMA_Abort_IT                        0x08008e51   Thumb Code    44  stm32h7xx_hal_mdma.o(.text)
    HAL_MDMA_PollForTransfer                 0x08008e81   Thumb Code   520  stm32h7xx_hal_mdma.o(.text)
    HAL_MDMA_GenerateSWRequest               0x08009089   Thumb Code    54  stm32h7xx_hal_mdma.o(.text)
    HAL_MDMA_IRQHandler                      0x080090c1   Thumb Code   486  stm32h7xx_hal_mdma.o(.text)
    HAL_MDMA_GetState                        0x080092a9   Thumb Code     6  stm32h7xx_hal_mdma.o(.text)
    HAL_MDMA_GetError                        0x080092b1   Thumb Code     4  stm32h7xx_hal_mdma.o(.text)
    HAL_PWR_DeInit                           0x080092b9   Thumb Code     2  stm32h7xx_hal_pwr.o(.text)
    HAL_PWR_EnableBkUpAccess                 0x080092c1   Thumb Code    18  stm32h7xx_hal_pwr.o(.text)
    HAL_PWR_DisableBkUpAccess                0x080092d9   Thumb Code    18  stm32h7xx_hal_pwr.o(.text)
    HAL_PWR_ConfigPVD                        0x080092f1   Thumb Code   146  stm32h7xx_hal_pwr.o(.text)
    HAL_PWR_EnablePVD                        0x08009389   Thumb Code    18  stm32h7xx_hal_pwr.o(.text)
    HAL_PWR_DisablePVD                       0x080093a1   Thumb Code    18  stm32h7xx_hal_pwr.o(.text)
    HAL_PWR_EnableWakeUpPin                  0x080093b9   Thumb Code    26  stm32h7xx_hal_pwr.o(.text)
    HAL_PWR_DisableWakeUpPin                 0x080093d9   Thumb Code    24  stm32h7xx_hal_pwr.o(.text)
    HAL_PWR_EnterSLEEPMode                   0x080093f1   Thumb Code    28  stm32h7xx_hal_pwr.o(.text)
    HAL_PWR_EnterSTOPMode                    0x08009411   Thumb Code    92  stm32h7xx_hal_pwr.o(.text)
    HAL_PWR_EnterSTANDBYMode                 0x08009471   Thumb Code    52  stm32h7xx_hal_pwr.o(.text)
    HAL_PWR_EnableSleepOnExit                0x080094a9   Thumb Code    18  stm32h7xx_hal_pwr.o(.text)
    HAL_PWR_DisableSleepOnExit               0x080094c1   Thumb Code    18  stm32h7xx_hal_pwr.o(.text)
    HAL_PWR_EnableSEVOnPend                  0x080094d9   Thumb Code    18  stm32h7xx_hal_pwr.o(.text)
    HAL_PWR_DisableSEVOnPend                 0x080094f1   Thumb Code    18  stm32h7xx_hal_pwr.o(.text)
    HAL_PWR_PVD_IRQHandler                   0x08009509   Thumb Code    26  stm32h7xx_hal_pwr.o(.text)
    HAL_PWR_PVDCallback                      0x08009529   Thumb Code     2  stm32h7xx_hal_pwr.o(.text)
    HAL_PWREx_ConfigSupply                   0x08009531   Thumb Code    76  stm32h7xx_hal_pwr_ex.o(.text)
    HAL_PWREx_GetSupplyConfig                0x08009581   Thumb Code    16  stm32h7xx_hal_pwr_ex.o(.text)
    HAL_PWREx_ControlVoltageScaling          0x08009591   Thumb Code   206  stm32h7xx_hal_pwr_ex.o(.text)
    HAL_PWREx_GetVoltageRange                0x08009661   Thumb Code    16  stm32h7xx_hal_pwr_ex.o(.text)
    HAL_PWREx_ControlStopModeVoltageScaling  0x08009671   Thumb Code    24  stm32h7xx_hal_pwr_ex.o(.text)
    HAL_PWREx_GetStopModeVoltageRange        0x08009689   Thumb Code    16  stm32h7xx_hal_pwr_ex.o(.text)
    HAL_PWREx_EnterSTOPMode                  0x08009699   Thumb Code   128  stm32h7xx_hal_pwr_ex.o(.text)
    HAL_PWREx_ClearPendingEvent              0x08009719   Thumb Code     4  stm32h7xx_hal_pwr_ex.o(.text)
    HAL_PWREx_EnterSTANDBYMode               0x08009721   Thumb Code    82  stm32h7xx_hal_pwr_ex.o(.text)
    HAL_PWREx_ConfigD3Domain                 0x08009779   Thumb Code    20  stm32h7xx_hal_pwr_ex.o(.text)
    HAL_PWREx_EnableFlashPowerDown           0x08009791   Thumb Code    18  stm32h7xx_hal_pwr_ex.o(.text)
    HAL_PWREx_DisableFlashPowerDown          0x080097a9   Thumb Code    18  stm32h7xx_hal_pwr_ex.o(.text)
    HAL_PWREx_EnableWakeUpPin                0x080097c1   Thumb Code   114  stm32h7xx_hal_pwr_ex.o(.text)
    HAL_PWREx_DisableWakeUpPin               0x08009839   Thumb Code    18  stm32h7xx_hal_pwr_ex.o(.text)
    HAL_PWREx_GetWakeupFlag                  0x08009851   Thumb Code    14  stm32h7xx_hal_pwr_ex.o(.text)
    HAL_PWREx_ClearWakeupFlag                0x08009861   Thumb Code    24  stm32h7xx_hal_pwr_ex.o(.text)
    HAL_PWREx_WAKEUP_PIN_IRQHandler          0x08009879   Thumb Code   110  stm32h7xx_hal_pwr_ex.o(.text)
    HAL_PWREx_WKUP1_Callback                 0x080098e9   Thumb Code     2  stm32h7xx_hal_pwr_ex.o(.text)
    HAL_PWREx_WKUP2_Callback                 0x080098f1   Thumb Code     2  stm32h7xx_hal_pwr_ex.o(.text)
    HAL_PWREx_WKUP3_Callback                 0x080098f9   Thumb Code     2  stm32h7xx_hal_pwr_ex.o(.text)
    HAL_PWREx_WKUP4_Callback                 0x08009901   Thumb Code     2  stm32h7xx_hal_pwr_ex.o(.text)
    HAL_PWREx_WKUP5_Callback                 0x08009909   Thumb Code     2  stm32h7xx_hal_pwr_ex.o(.text)
    HAL_PWREx_WKUP6_Callback                 0x08009911   Thumb Code     2  stm32h7xx_hal_pwr_ex.o(.text)
    HAL_PWREx_EnableBkUpReg                  0x08009919   Thumb Code    52  stm32h7xx_hal_pwr_ex.o(.text)
    HAL_PWREx_DisableBkUpReg                 0x08009951   Thumb Code    52  stm32h7xx_hal_pwr_ex.o(.text)
    HAL_PWREx_EnableUSBReg                   0x08009989   Thumb Code    52  stm32h7xx_hal_pwr_ex.o(.text)
    HAL_PWREx_DisableUSBReg                  0x080099c1   Thumb Code    52  stm32h7xx_hal_pwr_ex.o(.text)
    HAL_PWREx_EnableUSBVoltageDetector       0x080099f9   Thumb Code    18  stm32h7xx_hal_pwr_ex.o(.text)
    HAL_PWREx_DisableUSBVoltageDetector      0x08009a11   Thumb Code    18  stm32h7xx_hal_pwr_ex.o(.text)
    HAL_PWREx_EnableBatteryCharging          0x08009a29   Thumb Code    28  stm32h7xx_hal_pwr_ex.o(.text)
    HAL_PWREx_DisableBatteryCharging         0x08009a49   Thumb Code    18  stm32h7xx_hal_pwr_ex.o(.text)
    HAL_PWREx_EnableMonitoring               0x08009a61   Thumb Code    18  stm32h7xx_hal_pwr_ex.o(.text)
    HAL_PWREx_DisableMonitoring              0x08009a79   Thumb Code    18  stm32h7xx_hal_pwr_ex.o(.text)
    HAL_PWREx_GetTemperatureLevel            0x08009a91   Thumb Code    36  stm32h7xx_hal_pwr_ex.o(.text)
    HAL_PWREx_GetVBATLevel                   0x08009ab9   Thumb Code    36  stm32h7xx_hal_pwr_ex.o(.text)
    HAL_PWREx_ConfigAVD                      0x08009ae1   Thumb Code   142  stm32h7xx_hal_pwr_ex.o(.text)
    HAL_PWREx_EnableAVD                      0x08009b71   Thumb Code    18  stm32h7xx_hal_pwr_ex.o(.text)
    HAL_PWREx_DisableAVD                     0x08009b89   Thumb Code    18  stm32h7xx_hal_pwr_ex.o(.text)
    HAL_PWREx_PVD_AVD_IRQHandler             0x08009ba1   Thumb Code    78  stm32h7xx_hal_pwr_ex.o(.text)
    HAL_PWREx_AVDCallback                    0x08009bf1   Thumb Code     2  stm32h7xx_hal_pwr_ex.o(.text)
    HAL_Init                                 0x08009bf9   Thumb Code   100  stm32h7xx_hal.o(.text)
    HAL_InitTick                             0x08009c61   Thumb Code    76  stm32h7xx_hal.o(.text)
    HAL_DeInit                               0x08009cb9   Thumb Code   114  stm32h7xx_hal.o(.text)
    HAL_MspDeInit                            0x08009d31   Thumb Code     2  stm32h7xx_hal.o(.text)
    HAL_IncTick                              0x08009d39   Thumb Code    26  stm32h7xx_hal.o(.text)
    HAL_GetTick                              0x08009d59   Thumb Code    12  stm32h7xx_hal.o(.text)
    HAL_GetTickPrio                          0x08009d69   Thumb Code    12  stm32h7xx_hal.o(.text)
    HAL_SetTickFreq                          0x08009d79   Thumb Code    36  stm32h7xx_hal.o(.text)
    HAL_GetTickFreq                          0x08009da1   Thumb Code    12  stm32h7xx_hal.o(.text)
    HAL_Delay                                0x08009db1   Thumb Code    40  stm32h7xx_hal.o(.text)
    HAL_SuspendTick                          0x08009dd9   Thumb Code    18  stm32h7xx_hal.o(.text)
    HAL_ResumeTick                           0x08009df1   Thumb Code    18  stm32h7xx_hal.o(.text)
    HAL_GetHalVersion                        0x08009e09   Thumb Code    10  stm32h7xx_hal.o(.text)
    HAL_GetREVID                             0x08009e19   Thumb Code    14  stm32h7xx_hal.o(.text)
    HAL_GetDEVID                             0x08009e29   Thumb Code    16  stm32h7xx_hal.o(.text)
    HAL_GetUIDw0                             0x08009e39   Thumb Code    12  stm32h7xx_hal.o(.text)
    HAL_GetUIDw1                             0x08009e49   Thumb Code    12  stm32h7xx_hal.o(.text)
    HAL_GetUIDw2                             0x08009e59   Thumb Code    12  stm32h7xx_hal.o(.text)
    HAL_SYSCFG_VREFBUF_VoltageScalingConfig  0x08009e69   Thumb Code    20  stm32h7xx_hal.o(.text)
    HAL_SYSCFG_VREFBUF_HighImpedanceConfig   0x08009e81   Thumb Code    20  stm32h7xx_hal.o(.text)
    HAL_SYSCFG_VREFBUF_TrimmingConfig        0x08009e99   Thumb Code    20  stm32h7xx_hal.o(.text)
    HAL_SYSCFG_EnableVREFBUF                 0x08009eb1   Thumb Code    48  stm32h7xx_hal.o(.text)
    HAL_SYSCFG_DisableVREFBUF                0x08009ee1   Thumb Code    18  stm32h7xx_hal.o(.text)
    HAL_SYSCFG_ETHInterfaceSelect            0x08009ef9   Thumb Code    20  stm32h7xx_hal.o(.text)
    HAL_SYSCFG_AnalogSwitchConfig            0x08009f11   Thumb Code    20  stm32h7xx_hal.o(.text)
    HAL_SYSCFG_EnableBOOST                   0x08009f29   Thumb Code    18  stm32h7xx_hal.o(.text)
    HAL_SYSCFG_DisableBOOST                  0x08009f41   Thumb Code    18  stm32h7xx_hal.o(.text)
    HAL_SYSCFG_CM7BootAddConfig              0x08009f59   Thumb Code    34  stm32h7xx_hal.o(.text)
    HAL_EnableCompensationCell               0x08009f81   Thumb Code    18  stm32h7xx_hal.o(.text)
    HAL_DisableCompensationCell              0x08009f99   Thumb Code    18  stm32h7xx_hal.o(.text)
    HAL_SYSCFG_EnableIOSpeedOptimize         0x08009fb1   Thumb Code    18  stm32h7xx_hal.o(.text)
    HAL_SYSCFG_DisableIOSpeedOptimize        0x08009fc9   Thumb Code    18  stm32h7xx_hal.o(.text)
    HAL_SYSCFG_CompensationCodeSelect        0x08009fe1   Thumb Code    20  stm32h7xx_hal.o(.text)
    HAL_SYSCFG_CompensationCodeConfig        0x08009ff9   Thumb Code    24  stm32h7xx_hal.o(.text)
    HAL_DBGMCU_EnableDBGSleepMode            0x0800a011   Thumb Code    18  stm32h7xx_hal.o(.text)
    HAL_DBGMCU_DisableDBGSleepMode           0x0800a029   Thumb Code    18  stm32h7xx_hal.o(.text)
    HAL_DBGMCU_EnableDBGStopMode             0x0800a041   Thumb Code    18  stm32h7xx_hal.o(.text)
    HAL_DBGMCU_DisableDBGStopMode            0x0800a059   Thumb Code    18  stm32h7xx_hal.o(.text)
    HAL_DBGMCU_EnableDBGStandbyMode          0x0800a071   Thumb Code    18  stm32h7xx_hal.o(.text)
    HAL_DBGMCU_DisableDBGStandbyMode         0x0800a089   Thumb Code    18  stm32h7xx_hal.o(.text)
    HAL_SetFMCMemorySwappingConfig           0x0800a0a1   Thumb Code    20  stm32h7xx_hal.o(.text)
    HAL_GetFMCMemorySwappingConfig           0x0800a0b9   Thumb Code    16  stm32h7xx_hal.o(.text)
    HAL_EXTI_EdgeConfig                      0x0800a0c9   Thumb Code    82  stm32h7xx_hal.o(.text)
    HAL_EXTI_GenerateSWInterrupt             0x0800a121   Thumb Code    28  stm32h7xx_hal.o(.text)
    HAL_EXTI_D1_ClearFlag                    0x0800a141   Thumb Code    26  stm32h7xx_hal.o(.text)
    HAL_EXTI_D1_EventInputConfig             0x0800a161   Thumb Code   148  stm32h7xx_hal.o(.text)
    HAL_EXTI_D3_EventInputConfig             0x0800a1f9   Thumb Code   100  stm32h7xx_hal.o(.text)
    HAL_I2C_Init                             0x0800a261   Thumb Code   162  stm32h7xx_hal_i2c.o(.text)
    HAL_I2C_DeInit                           0x0800a311   Thumb Code    52  stm32h7xx_hal_i2c.o(.text)
    HAL_I2C_Master_Transmit                  0x0800a351   Thumb Code   410  stm32h7xx_hal_i2c.o(.text)
    HAL_I2C_Master_Receive                   0x0800a6f9   Thumb Code   414  stm32h7xx_hal_i2c.o(.text)
    HAL_I2C_Slave_Transmit                   0x0800a969   Thumb Code   394  stm32h7xx_hal_i2c.o(.text)
    HAL_I2C_Slave_Receive                    0x0800aaf9   Thumb Code   360  stm32h7xx_hal_i2c.o(.text)
    HAL_I2C_Master_Transmit_IT               0x0800ac61   Thumb Code   168  stm32h7xx_hal_i2c.o(.text)
    HAL_I2C_Master_Receive_IT                0x0800ae71   Thumb Code   168  stm32h7xx_hal_i2c.o(.text)
    HAL_I2C_Slave_Transmit_IT                0x0800af19   Thumb Code   140  stm32h7xx_hal_i2c.o(.text)
    HAL_I2C_Slave_Receive_IT                 0x0800b209   Thumb Code   114  stm32h7xx_hal_i2c.o(.text)
    HAL_I2C_Master_Transmit_DMA              0x0800b281   Thumb Code   350  stm32h7xx_hal_i2c.o(.text)
    HAL_I2C_Master_Receive_DMA               0x0800b879   Thumb Code   346  stm32h7xx_hal_i2c.o(.text)
    HAL_I2C_Slave_Transmit_DMA               0x0800ba71   Thumb Code   286  stm32h7xx_hal_i2c.o(.text)
    HAL_I2C_Slave_Receive_DMA                0x0800bf99   Thumb Code   226  stm32h7xx_hal_i2c.o(.text)
    HAL_I2C_Mem_Write                        0x0800c219   Thumb Code   548  stm32h7xx_hal_i2c.o(.text)
    HAL_I2C_Mem_Read                         0x0800c441   Thumb Code   552  stm32h7xx_hal_i2c.o(.text)
    HAL_I2C_Mem_Write_IT                     0x0800c669   Thumb Code   192  stm32h7xx_hal_i2c.o(.text)
    HAL_I2C_Mem_Read_IT                      0x0800c8d1   Thumb Code   188  stm32h7xx_hal_i2c.o(.text)
    HAL_I2C_Mem_Write_DMA                    0x0800c991   Thumb Code   356  stm32h7xx_hal_i2c.o(.text)
    HAL_I2C_Mem_Read_DMA                     0x0800ccb1   Thumb Code   340  stm32h7xx_hal_i2c.o(.text)
    HAL_I2C_IsDeviceReady                    0x0800ce09   Thumb Code   388  stm32h7xx_hal_i2c.o(.text)
    HAL_I2C_Master_Seq_Transmit_IT           0x0800cf91   Thumb Code   206  stm32h7xx_hal_i2c.o(.text)
    HAL_I2C_Master_Seq_Transmit_DMA          0x0800d061   Thumb Code   412  stm32h7xx_hal_i2c.o(.text)
    HAL_I2C_Master_Seq_Receive_IT            0x0800d201   Thumb Code   228  stm32h7xx_hal_i2c.o(.text)
    HAL_I2C_Master_Seq_Receive_DMA           0x0800d2e9   Thumb Code   404  stm32h7xx_hal_i2c.o(.text)
    HAL_I2C_Slave_Seq_Transmit_IT            0x0800d481   Thumb Code   230  stm32h7xx_hal_i2c.o(.text)
    HAL_I2C_Slave_Seq_Transmit_DMA           0x0800d5a9   Thumb Code   384  stm32h7xx_hal_i2c.o(.text)
    HAL_I2C_Slave_Seq_Receive_IT             0x0800d729   Thumb Code   230  stm32h7xx_hal_i2c.o(.text)
    HAL_I2C_Slave_Seq_Receive_DMA            0x0800d811   Thumb Code   410  stm32h7xx_hal_i2c.o(.text)
    HAL_I2C_EnableListen_IT                  0x0800d9b1   Thumb Code    44  stm32h7xx_hal_i2c.o(.text)
    HAL_I2C_DisableListen_IT                 0x0800d9e1   Thumb Code    60  stm32h7xx_hal_i2c.o(.text)
    HAL_I2C_Master_Abort_IT                  0x0800da21   Thumb Code   198  stm32h7xx_hal_i2c.o(.text)
    HAL_I2C_EV_IRQHandler                    0x0800dae9   Thumb Code    16  stm32h7xx_hal_i2c.o(.text)
    HAL_I2C_ER_IRQHandler                    0x0800daf9   Thumb Code    94  stm32h7xx_hal_i2c.o(.text)
    HAL_I2C_MasterTxCpltCallback             0x0800dd01   Thumb Code     2  stm32h7xx_hal_i2c.o(.text)
    HAL_I2C_MasterRxCpltCallback             0x0800dd09   Thumb Code     2  stm32h7xx_hal_i2c.o(.text)
    HAL_I2C_SlaveTxCpltCallback              0x0800dd11   Thumb Code     2  stm32h7xx_hal_i2c.o(.text)
    HAL_I2C_SlaveRxCpltCallback              0x0800dd19   Thumb Code     2  stm32h7xx_hal_i2c.o(.text)
    HAL_I2C_AddrCallback                     0x0800dd21   Thumb Code     2  stm32h7xx_hal_i2c.o(.text)
    HAL_I2C_ListenCpltCallback               0x0800dd29   Thumb Code     2  stm32h7xx_hal_i2c.o(.text)
    HAL_I2C_MemTxCpltCallback                0x0800dd31   Thumb Code     2  stm32h7xx_hal_i2c.o(.text)
    HAL_I2C_MemRxCpltCallback                0x0800dd39   Thumb Code     2  stm32h7xx_hal_i2c.o(.text)
    HAL_I2C_ErrorCallback                    0x0800dd41   Thumb Code     2  stm32h7xx_hal_i2c.o(.text)
    HAL_I2C_AbortCpltCallback                0x0800dd49   Thumb Code     2  stm32h7xx_hal_i2c.o(.text)
    HAL_I2C_GetState                         0x0800dd51   Thumb Code     6  stm32h7xx_hal_i2c.o(.text)
    HAL_I2C_GetMode                          0x0800dd59   Thumb Code     6  stm32h7xx_hal_i2c.o(.text)
    HAL_I2C_GetError                         0x0800dd61   Thumb Code     4  stm32h7xx_hal_i2c.o(.text)
    HAL_I2CEx_ConfigAnalogFilter             0x0800e4f1   Thumb Code    74  stm32h7xx_hal_i2c_ex.o(.text)
    HAL_I2CEx_ConfigDigitalFilter            0x0800e541   Thumb Code    72  stm32h7xx_hal_i2c_ex.o(.text)
    HAL_I2CEx_EnableWakeUp                   0x0800e589   Thumb Code    68  stm32h7xx_hal_i2c_ex.o(.text)
    HAL_I2CEx_DisableWakeUp                  0x0800e5d1   Thumb Code    68  stm32h7xx_hal_i2c_ex.o(.text)
    HAL_I2CEx_EnableFastModePlus             0x0800e619   Thumb Code    46  stm32h7xx_hal_i2c_ex.o(.text)
    HAL_I2CEx_DisableFastModePlus            0x0800e649   Thumb Code    48  stm32h7xx_hal_i2c_ex.o(.text)
    HAL_SDRAM_Init                           0x0800e679   Thumb Code    80  stm32h7xx_hal_sdram.o(.text)
    HAL_SDRAM_DeInit                         0x0800e6d1   Thumb Code    30  stm32h7xx_hal_sdram.o(.text)
    HAL_SDRAM_IRQHandler                     0x0800e6f9   Thumb Code    32  stm32h7xx_hal_sdram.o(.text)
    HAL_SDRAM_RefreshErrorCallback           0x0800e719   Thumb Code     2  stm32h7xx_hal_sdram.o(.text)
    HAL_SDRAM_DMA_XferCpltCallback           0x0800e721   Thumb Code     2  stm32h7xx_hal_sdram.o(.text)
    HAL_SDRAM_DMA_XferErrorCallback          0x0800e729   Thumb Code     2  stm32h7xx_hal_sdram.o(.text)
    HAL_SDRAM_Read_8b                        0x0800e731   Thumb Code   176  stm32h7xx_hal_sdram.o(.text)
    HAL_SDRAM_Write_8b                       0x0800e7e1   Thumb Code   168  stm32h7xx_hal_sdram.o(.text)
    HAL_SDRAM_Read_16b                       0x0800e889   Thumb Code   266  stm32h7xx_hal_sdram.o(.text)
    HAL_SDRAM_Write_16b                      0x0800e999   Thumb Code   390  stm32h7xx_hal_sdram.o(.text)
    HAL_SDRAM_Read_32b                       0x0800eb21   Thumb Code   180  stm32h7xx_hal_sdram.o(.text)
    HAL_SDRAM_Write_32b                      0x0800ebd9   Thumb Code   170  stm32h7xx_hal_sdram.o(.text)
    HAL_SDRAM_Read_DMA                       0x0800ec89   Thumb Code   118  stm32h7xx_hal_sdram.o(.text)
    HAL_SDRAM_Write_DMA                      0x0800ed49   Thumb Code   106  stm32h7xx_hal_sdram.o(.text)
    HAL_SDRAM_WriteProtection_Enable         0x0800edb9   Thumb Code    52  stm32h7xx_hal_sdram.o(.text)
    HAL_SDRAM_WriteProtection_Disable        0x0800edf1   Thumb Code    48  stm32h7xx_hal_sdram.o(.text)
    HAL_SDRAM_SendCommand                    0x0800ee21   Thumb Code    58  stm32h7xx_hal_sdram.o(.text)
    HAL_SDRAM_ProgramRefreshRate             0x0800ee61   Thumb Code    48  stm32h7xx_hal_sdram.o(.text)
    HAL_SDRAM_SetAutoRefreshNumber           0x0800ee91   Thumb Code    48  stm32h7xx_hal_sdram.o(.text)
    HAL_SDRAM_GetModeStatus                  0x0800eec1   Thumb Code    10  stm32h7xx_hal_sdram.o(.text)
    HAL_SDRAM_GetState                       0x0800eed1   Thumb Code     6  stm32h7xx_hal_sdram.o(.text)
    HAL_QSPI_Init                            0x0800eed9   Thumb Code   222  stm32h7xx_hal_qspi.o(.text)
    HAL_QSPI_SetTimeout                      0x0800efc1   Thumb Code     4  stm32h7xx_hal_qspi.o(.text)
    HAL_QSPI_DeInit                          0x0800efc9   Thumb Code    36  stm32h7xx_hal_qspi.o(.text)
    HAL_QSPI_IRQHandler                      0x0800eff9   Thumb Code   570  stm32h7xx_hal_qspi.o(.text)
    HAL_QSPI_FifoThresholdCallback           0x0800f239   Thumb Code     2  stm32h7xx_hal_qspi.o(.text)
    HAL_QSPI_TxCpltCallback                  0x0800f241   Thumb Code     2  stm32h7xx_hal_qspi.o(.text)
    HAL_QSPI_RxCpltCallback                  0x0800f249   Thumb Code     2  stm32h7xx_hal_qspi.o(.text)
    HAL_QSPI_CmdCpltCallback                 0x0800f251   Thumb Code     2  stm32h7xx_hal_qspi.o(.text)
    HAL_QSPI_AbortCpltCallback               0x0800f259   Thumb Code     2  stm32h7xx_hal_qspi.o(.text)
    HAL_QSPI_ErrorCallback                   0x0800f261   Thumb Code     2  stm32h7xx_hal_qspi.o(.text)
    HAL_QSPI_StatusMatchCallback             0x0800f269   Thumb Code     2  stm32h7xx_hal_qspi.o(.text)
    HAL_QSPI_TimeOutCallback                 0x0800f2a9   Thumb Code     2  stm32h7xx_hal_qspi.o(.text)
    HAL_QSPI_Command                         0x0800f2b1   Thumb Code   250  stm32h7xx_hal_qspi.o(.text)
    HAL_QSPI_Command_IT                      0x0800f5b1   Thumb Code   216  stm32h7xx_hal_qspi.o(.text)
    HAL_QSPI_Transmit                        0x0800f689   Thumb Code   384  stm32h7xx_hal_qspi.o(.text)
    HAL_QSPI_Receive                         0x0800f809   Thumb Code   404  stm32h7xx_hal_qspi.o(.text)
    HAL_QSPI_Transmit_IT                     0x0800f9a1   Thumb Code   124  stm32h7xx_hal_qspi.o(.text)
    HAL_QSPI_Receive_IT                      0x0800fa21   Thumb Code   136  stm32h7xx_hal_qspi.o(.text)
    HAL_QSPI_Transmit_DMA                    0x0800faa9   Thumb Code   282  stm32h7xx_hal_qspi.o(.text)
    HAL_QSPI_Receive_DMA                     0x0800fc79   Thumb Code   294  stm32h7xx_hal_qspi.o(.text)
    HAL_QSPI_AutoPolling                     0x0800fdb9   Thumb Code   290  stm32h7xx_hal_qspi.o(.text)
    HAL_QSPI_AutoPolling_IT                  0x0800fee1   Thumb Code   234  stm32h7xx_hal_qspi.o(.text)
    HAL_QSPI_MemoryMapped                    0x0800ffd1   Thumb Code   222  stm32h7xx_hal_qspi.o(.text)
    HAL_QSPI_GetState                        0x080100b1   Thumb Code     6  stm32h7xx_hal_qspi.o(.text)
    HAL_QSPI_GetError                        0x080100b9   Thumb Code     4  stm32h7xx_hal_qspi.o(.text)
    HAL_QSPI_Abort                           0x080100c1   Thumb Code   274  stm32h7xx_hal_qspi.o(.text)
    HAL_QSPI_Abort_IT                        0x080101d9   Thumb Code   124  stm32h7xx_hal_qspi.o(.text)
    HAL_QSPI_SetFifoThreshold                0x08010259   Thumb Code    72  stm32h7xx_hal_qspi.o(.text)
    HAL_QSPI_GetFifoThreshold                0x080102a1   Thumb Code    12  stm32h7xx_hal_qspi.o(.text)
    HAL_QSPI_SetFlashID                      0x080102b1   Thumb Code    64  stm32h7xx_hal_qspi.o(.text)
    HAL_UART_Init                            0x080102f1   Thumb Code   102  stm32h7xx_hal_uart.o(.text)
    UART_SetConfig                           0x08010361   Thumb Code  1196  stm32h7xx_hal_uart.o(.text)
    UART_AdvFeatureConfig                    0x08010819   Thumb Code   224  stm32h7xx_hal_uart.o(.text)
    UART_CheckIdleState                      0x080108f9   Thumb Code   374  stm32h7xx_hal_uart.o(.text)
    HAL_HalfDuplex_Init                      0x08010a71   Thumb Code   110  stm32h7xx_hal_uart.o(.text)
    HAL_LIN_Init                             0x08010ae1   Thumb Code   132  stm32h7xx_hal_uart.o(.text)
    HAL_MultiProcessor_Init                  0x08010b69   Thumb Code   134  stm32h7xx_hal_uart.o(.text)
    HAL_UART_DeInit                          0x08010bf1   Thumb Code    64  stm32h7xx_hal_uart.o(.text)
    HAL_UART_Transmit                        0x08010c39   Thumb Code   206  stm32h7xx_hal_uart.o(.text)
    UART_WaitOnFlagUntilTimeout              0x08010d09   Thumb Code   746  stm32h7xx_hal_uart.o(.text)
    HAL_UART_Receive                         0x08010ff9   Thumb Code   210  stm32h7xx_hal_uart.o(.text)
    HAL_UART_Transmit_IT                     0x080110d1   Thumb Code   298  stm32h7xx_hal_uart.o(.text)
    HAL_UART_Receive_IT                      0x08011579   Thumb Code   168  stm32h7xx_hal_uart.o(.text)
    UART_Start_Receive_IT                    0x08011621   Thumb Code   628  stm32h7xx_hal_uart.o(.text)
    HAL_UART_Transmit_DMA                    0x08011899   Thumb Code   212  stm32h7xx_hal_uart.o(.text)
    HAL_UART_Receive_DMA                     0x08011c31   Thumb Code   488  stm32h7xx_hal_uart.o(.text)
    UART_Start_Receive_DMA                   0x08011e19   Thumb Code   344  stm32h7xx_hal_uart.o(.text)
    HAL_UART_DMAPause                        0x08011f71   Thumb Code   360  stm32h7xx_hal_uart.o(.text)
    HAL_UART_DMAResume                       0x080120d9   Thumb Code   356  stm32h7xx_hal_uart.o(.text)
    HAL_UART_DMAStop                         0x08012241   Thumb Code   692  stm32h7xx_hal_uart.o(.text)
    HAL_UART_Abort                           0x080124f9   Thumb Code   550  stm32h7xx_hal_uart.o(.text)
    HAL_UART_AbortTransmit                   0x08012721   Thumb Code   322  stm32h7xx_hal_uart.o(.text)
    HAL_UART_AbortReceive                    0x08012869   Thumb Code   406  stm32h7xx_hal_uart.o(.text)
    HAL_UART_Abort_IT                        0x08012a01   Thumb Code   590  stm32h7xx_hal_uart.o(.text)
    HAL_UART_AbortCpltCallback               0x08012ce1   Thumb Code     2  stm32h7xx_hal_uart.o(.text)
    HAL_UART_AbortTransmit_IT                0x08012ce9   Thumb Code   348  stm32h7xx_hal_uart.o(.text)
    HAL_UART_AbortTransmitCpltCallback       0x08012e71   Thumb Code     2  stm32h7xx_hal_uart.o(.text)
    HAL_UART_AbortReceive_IT                 0x08012e79   Thumb Code   444  stm32h7xx_hal_uart.o(.text)
    HAL_UART_AbortReceiveCpltCallback        0x08013061   Thumb Code     2  stm32h7xx_hal_uart.o(.text)
    HAL_UART_IRQHandler                      0x08013069   Thumb Code  1880  stm32h7xx_hal_uart.o(.text)
    HAL_UART_ErrorCallback                   0x080137d1   Thumb Code     2  stm32h7xx_hal_uart.o(.text)
    HAL_UARTEx_RxEventCallback               0x080137d9   Thumb Code     2  stm32h7xx_hal_uart.o(.text)
    HAL_UART_TxCpltCallback                  0x080137e1   Thumb Code     2  stm32h7xx_hal_uart.o(.text)
    HAL_UART_TxHalfCpltCallback              0x080137e9   Thumb Code     2  stm32h7xx_hal_uart.o(.text)
    HAL_UART_RxCpltCallback                  0x080137f1   Thumb Code     2  stm32h7xx_hal_uart.o(.text)
    HAL_UART_RxHalfCpltCallback              0x080137f9   Thumb Code     2  stm32h7xx_hal_uart.o(.text)
    HAL_UART_ReceiverTimeout_Config          0x08013801   Thumb Code    28  stm32h7xx_hal_uart.o(.text)
    HAL_UART_EnableReceiverTimeout           0x08013821   Thumb Code    70  stm32h7xx_hal_uart.o(.text)
    HAL_UART_DisableReceiverTimeout          0x08013869   Thumb Code    70  stm32h7xx_hal_uart.o(.text)
    HAL_MultiProcessor_EnableMuteMode        0x080138b1   Thumb Code   114  stm32h7xx_hal_uart.o(.text)
    HAL_MultiProcessor_DisableMuteMode       0x08013929   Thumb Code   114  stm32h7xx_hal_uart.o(.text)
    HAL_MultiProcessor_EnterMuteMode         0x080139a1   Thumb Code    12  stm32h7xx_hal_uart.o(.text)
    HAL_HalfDuplex_EnableTransmitter         0x080139b1   Thumb Code   200  stm32h7xx_hal_uart.o(.text)
    HAL_HalfDuplex_EnableReceiver            0x08013a79   Thumb Code   200  stm32h7xx_hal_uart.o(.text)
    HAL_LIN_SendBreak                        0x08013b41   Thumb Code    44  stm32h7xx_hal_uart.o(.text)
    HAL_UART_GetState                        0x08013b71   Thumb Code    12  stm32h7xx_hal_uart.o(.text)
    HAL_UART_GetError                        0x08013b81   Thumb Code     6  stm32h7xx_hal_uart.o(.text)
    HAL_RS485Ex_Init                         0x08014721   Thumb Code   130  stm32h7xx_hal_uart_ex.o(.text)
    HAL_UARTEx_WakeupCallback                0x080147a9   Thumb Code     2  stm32h7xx_hal_uart_ex.o(.text)
    HAL_UARTEx_RxFifoFullCallback            0x080147b1   Thumb Code     2  stm32h7xx_hal_uart_ex.o(.text)
    HAL_UARTEx_TxFifoEmptyCallback           0x080147b9   Thumb Code     2  stm32h7xx_hal_uart_ex.o(.text)
    HAL_MultiProcessorEx_AddressLength_Set   0x080147c1   Thumb Code    44  stm32h7xx_hal_uart_ex.o(.text)
    HAL_UARTEx_StopModeWakeUpSourceConfig    0x080147f1   Thumb Code   144  stm32h7xx_hal_uart_ex.o(.text)
    HAL_UARTEx_EnableStopMode                0x08014881   Thumb Code   108  stm32h7xx_hal_uart_ex.o(.text)
    HAL_UARTEx_DisableStopMode               0x080148f1   Thumb Code   108  stm32h7xx_hal_uart_ex.o(.text)
    HAL_UARTEx_EnableFifoMode                0x08014961   Thumb Code   124  stm32h7xx_hal_uart_ex.o(.text)
    HAL_UARTEx_DisableFifoMode               0x080149e1   Thumb Code    54  stm32h7xx_hal_uart_ex.o(.text)
    HAL_UARTEx_SetTxFifoThreshold            0x08014a19   Thumb Code   144  stm32h7xx_hal_uart_ex.o(.text)
    HAL_UARTEx_SetRxFifoThreshold            0x08014aa9   Thumb Code   144  stm32h7xx_hal_uart_ex.o(.text)
    HAL_UARTEx_ReceiveToIdle                 0x08014b39   Thumb Code   420  stm32h7xx_hal_uart_ex.o(.text)
    HAL_UARTEx_ReceiveToIdle_IT              0x08014ce1   Thumb Code   152  stm32h7xx_hal_uart_ex.o(.text)
    HAL_UARTEx_ReceiveToIdle_DMA             0x08014d79   Thumb Code   152  stm32h7xx_hal_uart_ex.o(.text)
    HAL_UARTEx_GetRxEventType                0x08014e11   Thumb Code     4  stm32h7xx_hal_uart_ex.o(.text)
    SystemInit                               0x08014e19   Thumb Code   204  system_stm32h7xx.o(.text)
    SystemCoreClockUpdate                    0x08014ee9   Thumb Code   324  system_stm32h7xx.o(.text)
    at24cxx_init                             0x08015031   Thumb Code   160  driver_at24cxx.o(.text)
    at24cxx_deinit                           0x08015159   Thumb Code    48  driver_at24cxx.o(.text)
    at24cxx_set_type                         0x080151a9   Thumb Code    12  driver_at24cxx.o(.text)
    at24cxx_get_type                         0x080151b9   Thumb Code    16  driver_at24cxx.o(.text)
    at24cxx_set_addr_pin                     0x080151c9   Thumb Code    20  driver_at24cxx.o(.text)
    at24cxx_get_addr_pin                     0x080151e1   Thumb Code    20  driver_at24cxx.o(.text)
    at24cxx_read                             0x080151f9   Thumb Code   288  driver_at24cxx.o(.text)
    at24cxx_write                            0x08015339   Thumb Code   292  driver_at24cxx.o(.text)
    at24cxx_info                             0x08015481   Thumb Code   112  driver_at24cxx.o(.text)
    at24cxx_interface_iic_init               0x08015539   Thumb Code    10  stm32h750xb_driver_at24cxx_interface.o(.text)
    at24cxx_interface_iic_deinit             0x08015549   Thumb Code    18  stm32h750xb_driver_at24cxx_interface.o(.text)
    at24cxx_interface_iic_read               0x08015561   Thumb Code    36  stm32h750xb_driver_at24cxx_interface.o(.text)
    at24cxx_interface_iic_write              0x08015589   Thumb Code    36  stm32h750xb_driver_at24cxx_interface.o(.text)
    at24cxx_interface_iic_read_address16     0x080155b1   Thumb Code    36  stm32h750xb_driver_at24cxx_interface.o(.text)
    at24cxx_interface_iic_write_address16    0x080155d9   Thumb Code    36  stm32h750xb_driver_at24cxx_interface.o(.text)
    at24cxx_interface_delay_ms               0x08015601   Thumb Code     4  stm32h750xb_driver_at24cxx_interface.o(.text)
    at24cxx_interface_debug_print            0x08015609   Thumb Code    76  stm32h750xb_driver_at24cxx_interface.o(.text)
    at24cxx_basic_init                       0x08015659   Thumb Code   180  driver_at24cxx_basic.o(.text)
    at24cxx_basic_read                       0x08015769   Thumb Code    28  driver_at24cxx_basic.o(.text)
    at24cxx_basic_write                      0x08015789   Thumb Code    28  driver_at24cxx_basic.o(.text)
    at24cxx_basic_deinit                     0x080157a9   Thumb Code    22  driver_at24cxx_basic.o(.text)
    __use_no_semihosting                     0x080157bf   Thumb Code     2  use_no_semi_2.o(.text)
    __aeabi_uldivmod                         0x080157c1   Thumb Code     0  lludivv7m.o(.text)
    _ll_udiv                                 0x080157c1   Thumb Code   240  lludivv7m.o(.text)
    vsnprintf                                0x080158b1   Thumb Code    56  vsnprintf.o(.text)
    puts                                     0x080158ed   Thumb Code    40  puts.o(.text)
    strlen                                   0x08015919   Thumb Code    62  strlen.o(.text)
    __aeabi_memcpy                           0x08015957   Thumb Code     0  rt_memcpy_v6.o(.text)
    __rt_memcpy                              0x08015957   Thumb Code   138  rt_memcpy_v6.o(.text)
    _memcpy_lastbytes                        0x080159bd   Thumb Code     0  rt_memcpy_v6.o(.text)
    __aeabi_memclr4                          0x080159e1   Thumb Code     0  rt_memclr_w.o(.text)
    __aeabi_memclr8                          0x080159e1   Thumb Code     0  rt_memclr_w.o(.text)
    __rt_memclr_w                            0x080159e1   Thumb Code     0  rt_memclr_w.o(.text)
    _memset_w                                0x080159e5   Thumb Code    74  rt_memclr_w.o(.text)
    __use_two_region_memory                  0x08015a2f   Thumb Code     2  heapauxi.o(.text)
    __rt_heap_escrow$2region                 0x08015a31   Thumb Code     2  heapauxi.o(.text)
    __rt_heap_expand$2region                 0x08015a33   Thumb Code     2  heapauxi.o(.text)
    __I$use$semihosting                      0x08015a35   Thumb Code     0  use_no_semi.o(.text)
    __use_no_semihosting_swi                 0x08015a35   Thumb Code     2  use_no_semi.o(.text)
    _printf_pre_padding                      0x08015a37   Thumb Code    44  _printf_pad.o(.text)
    _printf_post_padding                     0x08015a63   Thumb Code    34  _printf_pad.o(.text)
    _printf_truncate_signed                  0x08015a85   Thumb Code    18  _printf_truncate.o(.text)
    _printf_truncate_unsigned                0x08015a97   Thumb Code    18  _printf_truncate.o(.text)
    _printf_str                              0x08015aa9   Thumb Code    82  _printf_str.o(.text)
    _printf_int_dec                          0x08015afd   Thumb Code   104  _printf_dec.o(.text)
    _printf_charcount                        0x08015b75   Thumb Code    40  _printf_charcount.o(.text)
    _printf_char_common                      0x08015ba7   Thumb Code    32  _printf_char_common.o(.text)
    _snputc                                  0x08015bcd   Thumb Code    16  _snputc.o(.text)
    _printf_wctomb                           0x08015bdd   Thumb Code   182  _printf_wctomb.o(.text)
    _printf_longlong_dec                     0x08015c99   Thumb Code   108  _printf_longlong_dec.o(.text)
    _printf_longlong_oct                     0x08015d15   Thumb Code    68  _printf_oct_int_ll.o(.text)
    _printf_int_oct                          0x08015d59   Thumb Code    24  _printf_oct_int_ll.o(.text)
    _printf_ll_oct                           0x08015d71   Thumb Code    12  _printf_oct_int_ll.o(.text)
    _printf_longlong_hex                     0x08015d85   Thumb Code    86  _printf_hex_int_ll_ptr.o(.text)
    _printf_int_hex                          0x08015ddb   Thumb Code    28  _printf_hex_int_ll_ptr.o(.text)
    _printf_ll_hex                           0x08015df7   Thumb Code    12  _printf_hex_int_ll_ptr.o(.text)
    _printf_hex_ptr                          0x08015e03   Thumb Code    18  _printf_hex_int_ll_ptr.o(.text)
    __printf                                 0x08015e19   Thumb Code   388  __printf_flags_ss_wp.o(.text)
    __aeabi_memcpy4                          0x08015fa1   Thumb Code     0  rt_memcpy_w.o(.text)
    __aeabi_memcpy8                          0x08015fa1   Thumb Code     0  rt_memcpy_w.o(.text)
    __rt_memcpy_w                            0x08015fa1   Thumb Code   100  rt_memcpy_w.o(.text)
    _memcpy_lastbytes_aligned                0x08015fe9   Thumb Code     0  rt_memcpy_w.o(.text)
    _ll_udiv10                               0x08016005   Thumb Code   138  lludiv10.o(.text)
    _printf_int_common                       0x0801608f   Thumb Code   178  _printf_intcommon.o(.text)
    _printf_fp_dec_real                      0x080162f1   Thumb Code   620  _printf_fp_dec.o(.text)
    _printf_fp_hex_real                      0x0801655d   Thumb Code   756  _printf_fp_hex.o(.text)
    _printf_cs_common                        0x08016859   Thumb Code    20  _printf_char.o(.text)
    _printf_char                             0x0801686d   Thumb Code    16  _printf_char.o(.text)
    _printf_string                           0x0801687d   Thumb Code     8  _printf_char.o(.text)
    _printf_lcs_common                       0x08016885   Thumb Code    20  _printf_wchar.o(.text)
    _printf_wchar                            0x08016899   Thumb Code    16  _printf_wchar.o(.text)
    _printf_wstring                          0x080168a9   Thumb Code     8  _printf_wchar.o(.text)
    _c16rtomb                                0x080168b1   Thumb Code    72  _c16rtomb.o(.text)
    _wcrtomb                                 0x080168b1   Thumb Code     0  _c16rtomb.o(.text)
    __user_setup_stackheap                   0x080168f9   Thumb Code    74  sys_stackheap_outer.o(.text)
    __rt_ctype_table                         0x08016945   Thumb Code    16  rt_ctype_table.o(.text)
    __rt_locale                              0x08016955   Thumb Code     8  rt_locale_intlibspace.o(.text)
    _printf_fp_infnan                        0x0801695d   Thumb Code   112  _printf_fp_infnan.o(.text)
    _btod_etento                             0x080169dd   Thumb Code   224  bigflt0.o(.text)
    exit                                     0x08016ac1   Thumb Code    18  exit.o(.text)
    __user_libspace                          0x08016ad5   Thumb Code     8  libspace.o(.text)
    __user_perproc_libspace                  0x08016ad5   Thumb Code     0  libspace.o(.text)
    __user_perthread_libspace                0x08016ad5   Thumb Code     0  libspace.o(.text)
    strcmp                                   0x08016ae1   Thumb Code   124  strcmpv7m_pel.o(.text)
    _btod_d2e                                0x08016b5d   Thumb Code    62  btod.o(CL$$btod_d2e)
    _d2e_denorm_low                          0x08016b9b   Thumb Code    70  btod.o(CL$$btod_d2e_denorm_low)
    _d2e_norm_op1                            0x08016be1   Thumb Code    96  btod.o(CL$$btod_d2e_norm_op1)
    __btod_div_common                        0x08016c41   Thumb Code   696  btod.o(CL$$btod_div_common)
    _e2e                                     0x08016f79   Thumb Code   220  btod.o(CL$$btod_e2e)
    _btod_ediv                               0x08017055   Thumb Code    42  btod.o(CL$$btod_ediv)
    _btod_emul                               0x0801707f   Thumb Code    42  btod.o(CL$$btod_emul)
    __btod_mult_common                       0x080170a9   Thumb Code   580  btod.o(CL$$btod_mult_common)
    __ARM_fpclassify                         0x080172ed   Thumb Code    48  fpclassify.o(i.__ARM_fpclassify)
    _is_digit                                0x0801731d   Thumb Code    14  __printf_wp.o(i._is_digit)
    _get_lc_numeric                          0x0801732d   Thumb Code    44  lc_numeric_c.o(locale$$code)
    _get_lc_ctype                            0x08017359   Thumb Code    44  lc_ctype_c.o(locale$$code)
    _fp_init                                 0x08017385   Thumb Code    26  fpinit.o(x$fpl$fpinit)
    __fplib_config_fpu_vfp                   0x0801739d   Thumb Code     0  fpinit.o(x$fpl$fpinit)
    __fplib_config_pureend_doubles           0x0801739d   Thumb Code     0  fpinit.o(x$fpl$fpinit)
    _printf_fp_dec                           0x0801739f   Thumb Code     4  printf1.o(x$fpl$printf1)
    _printf_fp_hex                           0x080173a3   Thumb Code     4  printf2.o(x$fpl$printf2)
    __I$use$fp                               0x080173a6   Number         0  usenofp.o(x$fpl$usenofp)
    D1CorePrescTable                         0x080174b0   Data          16  system_stm32h7xx.o(.rodata.D1CorePrescTable)
    UARTPrescTable                           0x080174c0   Data          24  stm32h7xx_hal_uart.o(.rodata.UARTPrescTable)
    Region$$Table$$Base                      0x0801765c   Number         0  anon$$obj.o(Region$$Table)
    Region$$Table$$Limit                     0x0801767c   Number         0  anon$$obj.o(Region$$Table)
    __ctype                                  0x080176a5   Data           0  lc_ctype_c.o(locale$$data)
    uwTickFreq                               0x24000000   Data           1  stm32h7xx_hal.o(.data..L_MergedGlobals)
    uwTickPrio                               0x24000004   Data           4  stm32h7xx_hal.o(.data..L_MergedGlobals)
    SystemCoreClock                          0x24000008   Data           4  system_stm32h7xx.o(.data..L_MergedGlobals)
    SystemD2Clock                            0x2400000c   Data           4  system_stm32h7xx.o(.data..L_MergedGlobals)
    __libspace_start                         0x24000010   Data          96  libspace.o(.bss)
    __temporary_stack_top$libspace           0x24000070   Data           0  libspace.o(.bss)
    __stdout                                 0x24000088   Data          84  main.o(.bss.__stdout)
    hi2c1                                    0x24000104   Data          84  i2c.o(.bss.hi2c1)
    hqspi                                    0x24000158   Data          76  quadspi.o(.bss.hqspi)
    hsdram2                                  0x240001a4   Data          52  fmc.o(.bss.hsdram2)
    huart1                                   0x240001d8   Data         148  usart.o(.bss.huart1)
    uwTick                                   0x2400026c   Data           4  stm32h7xx_hal.o(.bss.uwTick)



==============================================================================

Memory Map of the image

  Image Entry point : 0x08000299

  Load Region LR_IROM1 (Base: 0x08000000, Size: 0x000177b8, Max: 0x00020000, ABSOLUTE)

    Execution Region ER_IROM1 (Exec base: 0x08000000, Load base: 0x08000000, Size: 0x000177a8, Max: 0x00020000, ABSOLUTE)

    Exec Addr    Load Addr    Size         Type   Attr      Idx    E Section Name        Object

    0x08000000   0x08000000   0x00000298   Data   RO            3    RESET               startup_stm32h750xx.o
    0x08000298   0x08000298   0x00000008   Code   RO          354  * !!!main             c_w.l(__main.o)
    0x080002a0   0x080002a0   0x00000034   Code   RO          695    !!!scatter          c_w.l(__scatter.o)
    0x080002d4   0x080002d4   0x0000001a   Code   RO          697    !!handler_copy      c_w.l(__scatter_copy.o)
    0x080002ee   0x080002ee   0x00000002   PAD
    0x080002f0   0x080002f0   0x0000001c   Code   RO          699    !!handler_zi        c_w.l(__scatter_zi.o)
    0x0800030c   0x0800030c   0x00000000   Code   RO          444    .ARM.Collect$$_printf_percent$$00000000  c_w.l(_printf_percent.o)
    0x0800030c   0x0800030c   0x00000006   Code   RO          433    .ARM.Collect$$_printf_percent$$00000001  c_w.l(_printf_n.o)
    0x08000312   0x08000312   0x00000006   Code   RO          435    .ARM.Collect$$_printf_percent$$00000002  c_w.l(_printf_p.o)
    0x08000318   0x08000318   0x00000006   Code   RO          440    .ARM.Collect$$_printf_percent$$00000003  c_w.l(_printf_f.o)
    0x0800031e   0x0800031e   0x00000006   Code   RO          441    .ARM.Collect$$_printf_percent$$00000004  c_w.l(_printf_e.o)
    0x08000324   0x08000324   0x00000006   Code   RO          442    .ARM.Collect$$_printf_percent$$00000005  c_w.l(_printf_g.o)
    0x0800032a   0x0800032a   0x00000006   Code   RO          443    .ARM.Collect$$_printf_percent$$00000006  c_w.l(_printf_a.o)
    0x08000330   0x08000330   0x0000000a   Code   RO          448    .ARM.Collect$$_printf_percent$$00000007  c_w.l(_printf_ll.o)
    0x0800033a   0x0800033a   0x00000006   Code   RO          437    .ARM.Collect$$_printf_percent$$00000008  c_w.l(_printf_i.o)
    0x08000340   0x08000340   0x00000006   Code   RO          438    .ARM.Collect$$_printf_percent$$00000009  c_w.l(_printf_d.o)
    0x08000346   0x08000346   0x00000006   Code   RO          439    .ARM.Collect$$_printf_percent$$0000000A  c_w.l(_printf_u.o)
    0x0800034c   0x0800034c   0x00000006   Code   RO          436    .ARM.Collect$$_printf_percent$$0000000B  c_w.l(_printf_o.o)
    0x08000352   0x08000352   0x00000006   Code   RO          434    .ARM.Collect$$_printf_percent$$0000000C  c_w.l(_printf_x.o)
    0x08000358   0x08000358   0x00000006   Code   RO          445    .ARM.Collect$$_printf_percent$$0000000D  c_w.l(_printf_lli.o)
    0x0800035e   0x0800035e   0x00000006   Code   RO          446    .ARM.Collect$$_printf_percent$$0000000E  c_w.l(_printf_lld.o)
    0x08000364   0x08000364   0x00000006   Code   RO          447    .ARM.Collect$$_printf_percent$$0000000F  c_w.l(_printf_llu.o)
    0x0800036a   0x0800036a   0x00000006   Code   RO          452    .ARM.Collect$$_printf_percent$$00000010  c_w.l(_printf_llo.o)
    0x08000370   0x08000370   0x00000006   Code   RO          453    .ARM.Collect$$_printf_percent$$00000011  c_w.l(_printf_llx.o)
    0x08000376   0x08000376   0x0000000a   Code   RO          449    .ARM.Collect$$_printf_percent$$00000012  c_w.l(_printf_l.o)
    0x08000380   0x08000380   0x00000006   Code   RO          431    .ARM.Collect$$_printf_percent$$00000013  c_w.l(_printf_c.o)
    0x08000386   0x08000386   0x00000006   Code   RO          432    .ARM.Collect$$_printf_percent$$00000014  c_w.l(_printf_s.o)
    0x0800038c   0x0800038c   0x00000006   Code   RO          450    .ARM.Collect$$_printf_percent$$00000015  c_w.l(_printf_lc.o)
    0x08000392   0x08000392   0x00000006   Code   RO          451    .ARM.Collect$$_printf_percent$$00000016  c_w.l(_printf_ls.o)
    0x08000398   0x08000398   0x00000004   Code   RO          498    .ARM.Collect$$_printf_percent$$00000017  c_w.l(_printf_percent_end.o)
    0x0800039c   0x0800039c   0x00000002   Code   RO          553    .ARM.Collect$$libinit$$00000000  c_w.l(libinit.o)
    0x0800039e   0x0800039e   0x00000004   Code   RO          577    .ARM.Collect$$libinit$$00000001  c_w.l(libinit2.o)
    0x080003a2   0x080003a2   0x00000000   Code   RO          580    .ARM.Collect$$libinit$$00000004  c_w.l(libinit2.o)
    0x080003a2   0x080003a2   0x00000000   Code   RO          582    .ARM.Collect$$libinit$$00000006  c_w.l(libinit2.o)
    0x080003a2   0x080003a2   0x00000000   Code   RO          585    .ARM.Collect$$libinit$$0000000C  c_w.l(libinit2.o)
    0x080003a2   0x080003a2   0x00000000   Code   RO          587    .ARM.Collect$$libinit$$0000000E  c_w.l(libinit2.o)
    0x080003a2   0x080003a2   0x00000000   Code   RO          589    .ARM.Collect$$libinit$$00000010  c_w.l(libinit2.o)
    0x080003a2   0x080003a2   0x00000006   Code   RO          590    .ARM.Collect$$libinit$$00000011  c_w.l(libinit2.o)
    0x080003a8   0x080003a8   0x00000000   Code   RO          592    .ARM.Collect$$libinit$$00000013  c_w.l(libinit2.o)
    0x080003a8   0x080003a8   0x0000000c   Code   RO          593    .ARM.Collect$$libinit$$00000014  c_w.l(libinit2.o)
    0x080003b4   0x080003b4   0x00000000   Code   RO          594    .ARM.Collect$$libinit$$00000015  c_w.l(libinit2.o)
    0x080003b4   0x080003b4   0x00000000   Code   RO          596    .ARM.Collect$$libinit$$00000017  c_w.l(libinit2.o)
    0x080003b4   0x080003b4   0x0000000a   Code   RO          597    .ARM.Collect$$libinit$$00000018  c_w.l(libinit2.o)
    0x080003be   0x080003be   0x00000000   Code   RO          598    .ARM.Collect$$libinit$$00000019  c_w.l(libinit2.o)
    0x080003be   0x080003be   0x00000000   Code   RO          600    .ARM.Collect$$libinit$$0000001B  c_w.l(libinit2.o)
    0x080003be   0x080003be   0x00000000   Code   RO          602    .ARM.Collect$$libinit$$0000001D  c_w.l(libinit2.o)
    0x080003be   0x080003be   0x00000000   Code   RO          604    .ARM.Collect$$libinit$$0000001F  c_w.l(libinit2.o)
    0x080003be   0x080003be   0x00000000   Code   RO          606    .ARM.Collect$$libinit$$00000021  c_w.l(libinit2.o)
    0x080003be   0x080003be   0x00000000   Code   RO          608    .ARM.Collect$$libinit$$00000023  c_w.l(libinit2.o)
    0x080003be   0x080003be   0x00000000   Code   RO          610    .ARM.Collect$$libinit$$00000025  c_w.l(libinit2.o)
    0x080003be   0x080003be   0x00000000   Code   RO          612    .ARM.Collect$$libinit$$00000027  c_w.l(libinit2.o)
    0x080003be   0x080003be   0x00000000   Code   RO          616    .ARM.Collect$$libinit$$0000002E  c_w.l(libinit2.o)
    0x080003be   0x080003be   0x00000000   Code   RO          618    .ARM.Collect$$libinit$$00000030  c_w.l(libinit2.o)
    0x080003be   0x080003be   0x00000000   Code   RO          620    .ARM.Collect$$libinit$$00000032  c_w.l(libinit2.o)
    0x080003be   0x080003be   0x00000000   Code   RO          622    .ARM.Collect$$libinit$$00000034  c_w.l(libinit2.o)
    0x080003be   0x080003be   0x00000002   Code   RO          623    .ARM.Collect$$libinit$$00000035  c_w.l(libinit2.o)
    0x080003c0   0x080003c0   0x00000002   Code   RO          649    .ARM.Collect$$libshutdown$$00000000  c_w.l(libshutdown.o)
    0x080003c2   0x080003c2   0x00000000   Code   RO          677    .ARM.Collect$$libshutdown$$00000002  c_w.l(libshutdown2.o)
    0x080003c2   0x080003c2   0x00000000   Code   RO          679    .ARM.Collect$$libshutdown$$00000004  c_w.l(libshutdown2.o)
    0x080003c2   0x080003c2   0x00000000   Code   RO          682    .ARM.Collect$$libshutdown$$00000007  c_w.l(libshutdown2.o)
    0x080003c2   0x080003c2   0x00000000   Code   RO          685    .ARM.Collect$$libshutdown$$0000000A  c_w.l(libshutdown2.o)
    0x080003c2   0x080003c2   0x00000000   Code   RO          687    .ARM.Collect$$libshutdown$$0000000C  c_w.l(libshutdown2.o)
    0x080003c2   0x080003c2   0x00000000   Code   RO          690    .ARM.Collect$$libshutdown$$0000000F  c_w.l(libshutdown2.o)
    0x080003c2   0x080003c2   0x00000002   Code   RO          691    .ARM.Collect$$libshutdown$$00000010  c_w.l(libshutdown2.o)
    0x080003c4   0x080003c4   0x00000000   Code   RO          358    .ARM.Collect$$rtentry$$00000000  c_w.l(__rtentry.o)
    0x080003c4   0x080003c4   0x00000000   Code   RO          465    .ARM.Collect$$rtentry$$00000002  c_w.l(__rtentry2.o)
    0x080003c4   0x080003c4   0x00000006   Code   RO          477    .ARM.Collect$$rtentry$$00000004  c_w.l(__rtentry4.o)
    0x080003ca   0x080003ca   0x00000000   Code   RO          467    .ARM.Collect$$rtentry$$00000009  c_w.l(__rtentry2.o)
    0x080003ca   0x080003ca   0x00000004   Code   RO          468    .ARM.Collect$$rtentry$$0000000A  c_w.l(__rtentry2.o)
    0x080003ce   0x080003ce   0x00000000   Code   RO          470    .ARM.Collect$$rtentry$$0000000C  c_w.l(__rtentry2.o)
    0x080003ce   0x080003ce   0x00000008   Code   RO          471    .ARM.Collect$$rtentry$$0000000D  c_w.l(__rtentry2.o)
    0x080003d6   0x080003d6   0x00000002   Code   RO          562    .ARM.Collect$$rtexit$$00000000  c_w.l(rtexit.o)
    0x080003d8   0x080003d8   0x00000000   Code   RO          625    .ARM.Collect$$rtexit$$00000002  c_w.l(rtexit2.o)
    0x080003d8   0x080003d8   0x00000004   Code   RO          626    .ARM.Collect$$rtexit$$00000003  c_w.l(rtexit2.o)
    0x080003dc   0x080003dc   0x00000006   Code   RO          627    .ARM.Collect$$rtexit$$00000004  c_w.l(rtexit2.o)
    0x080003e2   0x080003e2   0x00000002   PAD
    0x080003e4   0x080003e4   0x00000040   Code   RO            4    .text               startup_stm32h750xx.o
    0x08000424   0x08000424   0x00000004   PAD
    0x08000428   0x08000428   0x00000ee4   Code   RO           10    .text               w25q256jv.o
    0x0800130c   0x0800130c   0x00000004   PAD
    0x08001310   0x08001310   0x000005bc   Code   RO           21    .text               w9825g6kh.o
    0x080018cc   0x080018cc   0x00000004   PAD
    0x080018d0   0x080018d0   0x000004e0   Code   RO           40    .text               main.o
    0x08001db0   0x08001db0   0x000000b0   Code   RO           51    .text               gpio.o
    0x08001e60   0x08001e60   0x00000202   Code   RO           58    .text               fmc.o
    0x08002062   0x08002062   0x00000006   PAD
    0x08002068   0x08002068   0x00000132   Code   RO           70    .text               i2c.o
    0x0800219a   0x0800219a   0x00000006   PAD
    0x080021a0   0x080021a0   0x000001a4   Code   RO           79    .text               quadspi.o
    0x08002344   0x08002344   0x00000004   PAD
    0x08002348   0x08002348   0x00000136   Code   RO           89    .text               usart.o
    0x0800247e   0x0800247e   0x00000002   PAD
    0x08002480   0x08002480   0x00000044   Code   RO           98    .text               stm32h7xx_it.o
    0x080024c4   0x080024c4   0x00000004   PAD
    0x080024c8   0x080024c8   0x00000020   Code   RO          105    .text               stm32h7xx_hal_msp.o
    0x080024e8   0x080024e8   0x00000314   Code   RO          112    .text               stm32h7xx_hal_cortex.o
    0x080027fc   0x080027fc   0x00000004   PAD
    0x08002800   0x08002800   0x000004ee   Code   RO          121    .text               stm32h7xx_ll_fmc.o
    0x08002cee   0x08002cee   0x00000002   PAD
    0x08002cf0   0x08002cf0   0x00000e2a   Code   RO          129    .text               stm32h7xx_hal_rcc.o
    0x08003b1a   0x08003b1a   0x00000006   PAD
    0x08003b20   0x08003b20   0x00001b22   Code   RO          138    .text               stm32h7xx_hal_rcc_ex.o
    0x08005642   0x08005642   0x00000006   PAD
    0x08005648   0x08005648   0x00000332   Code   RO          165    .text               stm32h7xx_hal_gpio.o
    0x0800597a   0x0800597a   0x00000006   PAD
    0x08005980   0x08005980   0x00002b24   Code   RO          182    .text               stm32h7xx_hal_dma.o
    0x080084a4   0x080084a4   0x00000004   PAD
    0x080084a8   0x080084a8   0x00000e0c   Code   RO          199    .text               stm32h7xx_hal_mdma.o
    0x080092b4   0x080092b4   0x00000004   PAD
    0x080092b8   0x080092b8   0x00000272   Code   RO          208    .text               stm32h7xx_hal_pwr.o
    0x0800952a   0x0800952a   0x00000006   PAD
    0x08009530   0x08009530   0x000006c2   Code   RO          216    .text               stm32h7xx_hal_pwr_ex.o
    0x08009bf2   0x08009bf2   0x00000006   PAD
    0x08009bf8   0x08009bf8   0x00000664   Code   RO          224    .text               stm32h7xx_hal.o
    0x0800a25c   0x0800a25c   0x00000004   PAD
    0x0800a260   0x0800a260   0x00004290   Code   RO          234    .text               stm32h7xx_hal_i2c.o
    0x0800e4f0   0x0800e4f0   0x00000188   Code   RO          243    .text               stm32h7xx_hal_i2c_ex.o
    0x0800e678   0x0800e678   0x0000085e   Code   RO          259    .text               stm32h7xx_hal_sdram.o
    0x0800eed6   0x0800eed6   0x00000002   PAD
    0x0800eed8   0x0800eed8   0x00001418   Code   RO          267    .text               stm32h7xx_hal_qspi.o
    0x080102f0   0x080102f0   0x0000442c   Code   RO          278    .text               stm32h7xx_hal_uart.o
    0x0801471c   0x0801471c   0x00000004   PAD
    0x08014720   0x08014720   0x000006f4   Code   RO          290    .text               stm32h7xx_hal_uart_ex.o
    0x08014e14   0x08014e14   0x00000004   PAD
    0x08014e18   0x08014e18   0x00000214   Code   RO          300    .text               system_stm32h7xx.o
    0x0801502c   0x0801502c   0x00000004   PAD
    0x08015030   0x08015030   0x00000508   Code   RO          310    .text               driver_at24cxx.o
    0x08015538   0x08015538   0x0000011c   Code   RO          319    .text               stm32h750xb_driver_at24cxx_interface.o
    0x08015654   0x08015654   0x00000004   PAD
    0x08015658   0x08015658   0x00000166   Code   RO          327    .text               driver_at24cxx_basic.o
    0x080157be   0x080157be   0x00000002   Code   RO          338    .text               c_w.l(use_no_semi_2.o)
    0x080157c0   0x080157c0   0x000000f0   Code   RO          340    .text               c_w.l(lludivv7m.o)
    0x080158b0   0x080158b0   0x0000003c   Code   RO          342    .text               c_w.l(vsnprintf.o)
    0x080158ec   0x080158ec   0x0000002c   Code   RO          344    .text               c_w.l(puts.o)
    0x08015918   0x08015918   0x0000003e   Code   RO          346    .text               c_w.l(strlen.o)
    0x08015956   0x08015956   0x0000008a   Code   RO          348    .text               c_w.l(rt_memcpy_v6.o)
    0x080159e0   0x080159e0   0x0000004e   Code   RO          350    .text               c_w.l(rt_memclr_w.o)
    0x08015a2e   0x08015a2e   0x00000006   Code   RO          352    .text               c_w.l(heapauxi.o)
    0x08015a34   0x08015a34   0x00000002   Code   RO          356    .text               c_w.l(use_no_semi.o)
    0x08015a36   0x08015a36   0x0000004e   Code   RO          365    .text               c_w.l(_printf_pad.o)
    0x08015a84   0x08015a84   0x00000024   Code   RO          367    .text               c_w.l(_printf_truncate.o)
    0x08015aa8   0x08015aa8   0x00000052   Code   RO          369    .text               c_w.l(_printf_str.o)
    0x08015afa   0x08015afa   0x00000002   PAD
    0x08015afc   0x08015afc   0x00000078   Code   RO          371    .text               c_w.l(_printf_dec.o)
    0x08015b74   0x08015b74   0x00000028   Code   RO          373    .text               c_w.l(_printf_charcount.o)
    0x08015b9c   0x08015b9c   0x00000030   Code   RO          375    .text               c_w.l(_printf_char_common.o)
    0x08015bcc   0x08015bcc   0x00000010   Code   RO          377    .text               c_w.l(_snputc.o)
    0x08015bdc   0x08015bdc   0x000000bc   Code   RO          379    .text               c_w.l(_printf_wctomb.o)
    0x08015c98   0x08015c98   0x0000007c   Code   RO          382    .text               c_w.l(_printf_longlong_dec.o)
    0x08015d14   0x08015d14   0x00000070   Code   RO          388    .text               c_w.l(_printf_oct_int_ll.o)
    0x08015d84   0x08015d84   0x00000094   Code   RO          408    .text               c_w.l(_printf_hex_int_ll_ptr.o)
    0x08015e18   0x08015e18   0x00000188   Code   RO          428    .text               c_w.l(__printf_flags_ss_wp.o)
    0x08015fa0   0x08015fa0   0x00000064   Code   RO          454    .text               c_w.l(rt_memcpy_w.o)
    0x08016004   0x08016004   0x0000008a   Code   RO          481    .text               c_w.l(lludiv10.o)
    0x0801608e   0x0801608e   0x000000b2   Code   RO          483    .text               c_w.l(_printf_intcommon.o)
    0x08016140   0x08016140   0x0000041c   Code   RO          485    .text               c_w.l(_printf_fp_dec.o)
    0x0801655c   0x0801655c   0x000002fc   Code   RO          489    .text               c_w.l(_printf_fp_hex.o)
    0x08016858   0x08016858   0x0000002c   Code   RO          494    .text               c_w.l(_printf_char.o)
    0x08016884   0x08016884   0x0000002c   Code   RO          496    .text               c_w.l(_printf_wchar.o)
    0x080168b0   0x080168b0   0x00000048   Code   RO          499    .text               c_w.l(_c16rtomb.o)
    0x080168f8   0x080168f8   0x0000004a   Code   RO          501    .text               c_w.l(sys_stackheap_outer.o)
    0x08016942   0x08016942   0x00000002   PAD
    0x08016944   0x08016944   0x00000010   Code   RO          503    .text               c_w.l(rt_ctype_table.o)
    0x08016954   0x08016954   0x00000008   Code   RO          508    .text               c_w.l(rt_locale_intlibspace.o)
    0x0801695c   0x0801695c   0x00000080   Code   RO          510    .text               c_w.l(_printf_fp_infnan.o)
    0x080169dc   0x080169dc   0x000000e4   Code   RO          512    .text               c_w.l(bigflt0.o)
    0x08016ac0   0x08016ac0   0x00000012   Code   RO          542    .text               c_w.l(exit.o)
    0x08016ad2   0x08016ad2   0x00000002   PAD
    0x08016ad4   0x08016ad4   0x00000008   Code   RO          559    .text               c_w.l(libspace.o)
    0x08016adc   0x08016adc   0x00000004   PAD
    0x08016ae0   0x08016ae0   0x0000007c   Code   RO          575    .text               c_w.l(strcmpv7m_pel.o)
    0x08016b5c   0x08016b5c   0x0000003e   Code   RO          515    CL$$btod_d2e        c_w.l(btod.o)
    0x08016b9a   0x08016b9a   0x00000046   Code   RO          517    CL$$btod_d2e_denorm_low  c_w.l(btod.o)
    0x08016be0   0x08016be0   0x00000060   Code   RO          516    CL$$btod_d2e_norm_op1  c_w.l(btod.o)
    0x08016c40   0x08016c40   0x00000338   Code   RO          525    CL$$btod_div_common  c_w.l(btod.o)
    0x08016f78   0x08016f78   0x000000dc   Code   RO          522    CL$$btod_e2e        c_w.l(btod.o)
    0x08017054   0x08017054   0x0000002a   Code   RO          519    CL$$btod_ediv       c_w.l(btod.o)
    0x0801707e   0x0801707e   0x0000002a   Code   RO          518    CL$$btod_emul       c_w.l(btod.o)
    0x080170a8   0x080170a8   0x00000244   Code   RO          524    CL$$btod_mult_common  c_w.l(btod.o)
    0x080172ec   0x080172ec   0x00000030   Code   RO          557    i.__ARM_fpclassify  m_wv.l(fpclassify.o)
    0x0801731c   0x0801731c   0x0000000e   Code   RO          421    i._is_digit         c_w.l(__printf_wp.o)
    0x0801732a   0x0801732a   0x00000002   PAD
    0x0801732c   0x0801732c   0x0000002c   Code   RO          540    locale$$code        c_w.l(lc_numeric_c.o)
    0x08017358   0x08017358   0x0000002c   Code   RO          569    locale$$code        c_w.l(lc_ctype_c.o)
    0x08017384   0x08017384   0x0000001a   Code   RO          639    x$fpl$fpinit        fz_wv.l(fpinit.o)
    0x0801739e   0x0801739e   0x00000004   Code   RO          456    x$fpl$printf1       fz_wv.l(printf1.o)
    0x080173a2   0x080173a2   0x00000004   Code   RO          458    x$fpl$printf2       fz_wv.l(printf2.o)
    0x080173a6   0x080173a6   0x00000000   Code   RO          556    x$fpl$usenofp       fz_wv.l(usenofp.o)
    0x080173a6   0x080173a6   0x00000002   PAD
    0x080173a8   0x080173a8   0x00000008   Data   RO          380    .constdata          c_w.l(_printf_wctomb.o)
    0x080173b0   0x080173b0   0x00000028   Data   RO          409    .constdata          c_w.l(_printf_hex_int_ll_ptr.o)
    0x080173d8   0x080173d8   0x00000011   Data   RO          429    .constdata          c_w.l(__printf_flags_ss_wp.o)
    0x080173e9   0x080173e9   0x00000026   Data   RO          490    .constdata          c_w.l(_printf_fp_hex.o)
    0x0801740f   0x0801740f   0x00000001   PAD
    0x08017410   0x08017410   0x00000094   Data   RO          513    .constdata          c_w.l(bigflt0.o)
    0x080174a4   0x080174a4   0x00000006   Data   RO          281    .rodata..Lswitch.table.UART_SetConfig.5  stm32h7xx_hal_uart.o
    0x080174aa   0x080174aa   0x00000006   Data   RO          282    .rodata..Lswitch.table.UART_SetConfig.7  stm32h7xx_hal_uart.o
    0x080174b0   0x080174b0   0x00000010   Data   RO          302    .rodata.D1CorePrescTable  system_stm32h7xx.o
    0x080174c0   0x080174c0   0x00000018   Data   RO          280    .rodata.UARTPrescTable  stm32h7xx_hal_uart.o
    0x080174d8   0x080174d8   0x00000010   Data   RO          292    .rodata.cst8        stm32h7xx_hal_uart_ex.o
    0x080174e8   0x080174e8   0x0000001a   Data   RO           24    .rodata.str1.1      w9825g6kh.o
    0x08017502   0x08017502   0x000000b6   Data   RO           43    .rodata.str1.1      main.o
    0x080175b8   0x080175b8   0x000000a2   Data   RO          312    .rodata.str1.1      driver_at24cxx.o
    0x0801765a   0x0801765a   0x00000002   PAD
    0x0801765c   0x0801765c   0x00000020   Data   RO          694    Region$$Table       anon$$obj.o
    0x0801767c   0x0801767c   0x0000001c   Data   RO          539    locale$$data        c_w.l(lc_numeric_c.o)
    0x08017698   0x08017698   0x00000110   Data   RO          568    locale$$data        c_w.l(lc_ctype_c.o)


    Execution Region RW_IRAM1 (Exec base: 0x20000000, Load base: 0x080177a8, Size: 0x00000000, Max: 0x00020000, ABSOLUTE)

    **** No section assigned to this execution region ****


    Execution Region RW_IRAM2 (Exec base: 0x24000000, Load base: 0x080177a8, Size: 0x00001878, Max: 0x00080000, ABSOLUTE)

    Exec Addr    Load Addr    Size         Type   Attr      Idx    E Section Name        Object

    0x24000000   0x080177a8   0x00000008   Data   RW          227    .data..L_MergedGlobals  stm32h7xx_hal.o
    0x24000008   0x080177b0   0x00000008   Data   RW          303    .data..L_MergedGlobals  system_stm32h7xx.o
    0x24000010        -       0x00000060   Zero   RW          560    .bss                c_w.l(libspace.o)
    0x24000070        -       0x00000010   Zero   RW           23    .bss.Command        w9825g6kh.o
    0x24000080        -       0x00000001   Zero   RW           62    .bss.FMC_DeInitialized  fmc.o
    0x24000081   0x080177b8   0x00000003   PAD
    0x24000084        -       0x00000001   Zero   RW           61    .bss.FMC_Initialized  fmc.o
    0x24000085   0x080177b8   0x00000003   PAD
    0x24000088        -       0x00000054   Zero   RW           42    .bss.__stdout       main.o
    0x240000dc        -       0x00000028   Zero   RW          329    .bss.gs_handle      driver_at24cxx_basic.o
    0x24000104        -       0x00000054   Zero   RW           72    .bss.hi2c1          i2c.o
    0x24000158        -       0x0000004c   Zero   RW           81    .bss.hqspi          quadspi.o
    0x240001a4        -       0x00000034   Zero   RW           60    .bss.hsdram2        fmc.o
    0x240001d8        -       0x00000094   Zero   RW           91    .bss.huart1         usart.o
    0x2400026c        -       0x00000004   Zero   RW          226    .bss.uwTick         stm32h7xx_hal.o
    0x24000270        -       0x00000001   Zero   RW           12    .bss.w25q256_mode   w25q256jv.o
    0x24000271        -       0x00001000   Zero   RW           13    .bss.w25qxx_buf     w25q256jv.o
    0x24001271   0x080177b8   0x00000007   PAD
    0x24001278        -       0x00000200   Zero   RW            2    HEAP                startup_stm32h750xx.o
    0x24001478        -       0x00000400   Zero   RW            1    STACK               startup_stm32h750xx.o


==============================================================================

Image component sizes


      Code (inc. data)   RO Data    RW Data    ZI Data      Debug   Object Name

      1288        308        162          0          0       5616   driver_at24cxx.o
       358         92          0          0         40       2704   driver_at24cxx_basic.o
       514          0          0          0         54       8360   fmc.o
       176          0          0          0          0       2421   gpio.o
       306          0          0          0         84       8093   i2c.o
      1248        132        182          0         84       9872   main.o
       420          0          0          0         76       8083   quadspi.o
        64         26        664          0       1536        852   startup_stm32h750xx.o
       284          0          0          0          0       3642   stm32h750xb_driver_at24cxx_interface.o
      1636          0          0          8          4      13763   stm32h7xx_hal.o
       788          0          0          0          0      11623   stm32h7xx_hal_cortex.o
     11044         70          0          0          0      17449   stm32h7xx_hal_dma.o
       818          0          0          0          0       6692   stm32h7xx_hal_gpio.o
     17040          0          0          0          0      53560   stm32h7xx_hal_i2c.o
       392          0          0          0          0       7457   stm32h7xx_hal_i2c_ex.o
      3596         16          0          0          0      15000   stm32h7xx_hal_mdma.o
        32          0          0          0          0       2239   stm32h7xx_hal_msp.o
       626          0          0          0          0       4840   stm32h7xx_hal_pwr.o
      1730          0          0          0          0       9540   stm32h7xx_hal_pwr_ex.o
      5144          0          0          0          0      21410   stm32h7xx_hal_qspi.o
      3626         16          0          0          0      11201   stm32h7xx_hal_rcc.o
      6946        242          0          0          0      19344   stm32h7xx_hal_rcc_ex.o
      2142          0          0          0          0      14185   stm32h7xx_hal_sdram.o
     17452        336         36          0          0      39188   stm32h7xx_hal_uart.o
      1780          0         16          0          0      10836   stm32h7xx_hal_uart_ex.o
        68          0          0          0          0        984   stm32h7xx_it.o
      1262          0          0          0          0       8277   stm32h7xx_ll_fmc.o
       532         18         16          8          0       5820   system_stm32h7xx.o
       310          0          0          0        148       8156   usart.o
      3812          0          0          0       4097      10494   w25q256jv.o
      1468        140         26          0         16       9195   w9825g6kh.o

    ----------------------------------------------------------------------
     87002       1408       1136         16       6152     350896   Object Totals
         0          0         32          0          0          0   (incl. Generated)
       100         12          2          0         13          0   (incl. Padding)

    ----------------------------------------------------------------------

      Code (inc. data)   RO Data    RW Data    ZI Data      Debug   Library Member Name

         8          0          0          0          0         68   __main.o
       392          4         17          0          0         92   __printf_flags_ss_wp.o
        14          0          0          0          0         68   __printf_wp.o
         0          0          0          0          0          0   __rtentry.o
        12          0          0          0          0          0   __rtentry2.o
         6          0          0          0          0          0   __rtentry4.o
        52          8          0          0          0          0   __scatter.o
        26          0          0          0          0          0   __scatter_copy.o
        28          0          0          0          0          0   __scatter_zi.o
        72          0          0          0          0         96   _c16rtomb.o
         6          0          0          0          0          0   _printf_a.o
         6          0          0          0          0          0   _printf_c.o
        44          0          0          0          0        108   _printf_char.o
        48          6          0          0          0         96   _printf_char_common.o
        40          0          0          0          0         68   _printf_charcount.o
         6          0          0          0          0          0   _printf_d.o
       120         16          0          0          0         92   _printf_dec.o
         6          0          0          0          0          0   _printf_e.o
         6          0          0          0          0          0   _printf_f.o
      1052          0          0          0          0        148   _printf_fp_dec.o
       764          8         38          0          0        100   _printf_fp_hex.o
       128         16          0          0          0         84   _printf_fp_infnan.o
         6          0          0          0          0          0   _printf_g.o
       148          4         40          0          0        160   _printf_hex_int_ll_ptr.o
         6          0          0          0          0          0   _printf_i.o
       178          0          0          0          0         88   _printf_intcommon.o
        10          0          0          0          0          0   _printf_l.o
         6          0          0          0          0          0   _printf_lc.o
        10          0          0          0          0          0   _printf_ll.o
         6          0          0          0          0          0   _printf_lld.o
         6          0          0          0          0          0   _printf_lli.o
         6          0          0          0          0          0   _printf_llo.o
         6          0          0          0          0          0   _printf_llu.o
         6          0          0          0          0          0   _printf_llx.o
       124         16          0          0          0         92   _printf_longlong_dec.o
         6          0          0          0          0          0   _printf_ls.o
         6          0          0          0          0          0   _printf_n.o
         6          0          0          0          0          0   _printf_o.o
       112          8          0          0          0        124   _printf_oct_int_ll.o
         6          0          0          0          0          0   _printf_p.o
        78          0          0          0          0        108   _printf_pad.o
         0          0          0          0          0          0   _printf_percent.o
         4          0          0          0          0          0   _printf_percent_end.o
         6          0          0          0          0          0   _printf_s.o
        82          0          0          0          0         80   _printf_str.o
        36          0          0          0          0         84   _printf_truncate.o
         6          0          0          0          0          0   _printf_u.o
        44          0          0          0          0        108   _printf_wchar.o
       188          6          8          0          0         92   _printf_wctomb.o
         6          0          0          0          0          0   _printf_x.o
        16          0          0          0          0         68   _snputc.o
       228          4        148          0          0         96   bigflt0.o
      1936        128          0          0          0        668   btod.o
        18          0          0          0          0         80   exit.o
         6          0          0          0          0        152   heapauxi.o
        44         10        272          0          0         76   lc_ctype_c.o
        44         10         28          0          0         76   lc_numeric_c.o
         2          0          0          0          0          0   libinit.o
        34          0          0          0          0          0   libinit2.o
         2          0          0          0          0          0   libshutdown.o
         2          0          0          0          0          0   libshutdown2.o
         8          4          0          0         96         68   libspace.o
       138          0          0          0          0         80   lludiv10.o
       240          0          0          0          0        100   lludivv7m.o
        44          4          0          0          0         84   puts.o
        16          4          0          0          0         76   rt_ctype_table.o
         8          4          0          0          0         68   rt_locale_intlibspace.o
        78          0          0          0          0         80   rt_memclr_w.o
       138          0          0          0          0         68   rt_memcpy_v6.o
       100          0          0          0          0         80   rt_memcpy_w.o
         2          0          0          0          0          0   rtexit.o
        10          0          0          0          0          0   rtexit2.o
       124          0          0          0          0         88   strcmpv7m_pel.o
        62          0          0          0          0         76   strlen.o
        74          0          0          0          0         80   sys_stackheap_outer.o
         2          0          0          0          0         68   use_no_semi.o
         2          0          0          0          0         68   use_no_semi_2.o
        60          4          0          0          0         80   vsnprintf.o
        26          0          0          0          0        116   fpinit.o
         4          0          0          0          0        116   printf1.o
         4          0          0          0          0        116   printf2.o
         0          0          0          0          0          0   usenofp.o
        48          0          0          0          0        124   fpclassify.o

    ----------------------------------------------------------------------
      7478        268        552          0         96       4808   Library Totals
        18          4          1          0          0          0   (incl. Padding)

    ----------------------------------------------------------------------

      Code (inc. data)   RO Data    RW Data    ZI Data      Debug   Library Name

      7378        264        551          0         96       4336   c_w.l
        34          0          0          0          0        348   fz_wv.l
        48          0          0          0          0        124   m_wv.l

    ----------------------------------------------------------------------
      7478        268        552          0         96       4808   Library Totals

    ----------------------------------------------------------------------

==============================================================================


      Code (inc. data)   RO Data    RW Data    ZI Data      Debug   

     94480       1676       1688         16       6248     352584   Grand Totals
     94480       1676       1688         16       6248     352584   ELF Image Totals
     94480       1676       1688         16          0          0   ROM Totals

==============================================================================

    Total RO  Size (Code + RO Data)                96168 (  93.91kB)
    Total RW  Size (RW Data + ZI Data)              6264 (   6.12kB)
    Total ROM Size (Code + RO Data + RW Data)      96184 (  93.93kB)

==============================================================================

